Archive member included to satisfy reference by file (symbol)

d:/stm32cubeide_1.7.0/stm32cubeide/plugins/com.st.stm32cube.ide.mcu.externaltools.gnu-tools-for-stm32.9-2020-q2-update.win32_2.0.0.202105311346/tools/bin/../lib/gcc/arm-none-eabi/9.3.1/../../../../arm-none-eabi/lib/thumb/v7-m/nofp\libc_nano.a(lib_a-errno.o)
                              ./Core/Src/syscalls.o (__errno)
d:/stm32cubeide_1.7.0/stm32cubeide/plugins/com.st.stm32cube.ide.mcu.externaltools.gnu-tools-for-stm32.9-2020-q2-update.win32_2.0.0.202105311346/tools/bin/../lib/gcc/arm-none-eabi/9.3.1/../../../../arm-none-eabi/lib/thumb/v7-m/nofp\libc_nano.a(lib_a-exit.o)
                              d:/stm32cubeide_1.7.0/stm32cubeide/plugins/com.st.stm32cube.ide.mcu.externaltools.gnu-tools-for-stm32.9-2020-q2-update.win32_2.0.0.202105311346/tools/bin/../lib/gcc/arm-none-eabi/9.3.1/../../../../arm-none-eabi/lib/thumb/v7-m/nofp/crt0.o (exit)
d:/stm32cubeide_1.7.0/stm32cubeide/plugins/com.st.stm32cube.ide.mcu.externaltools.gnu-tools-for-stm32.9-2020-q2-update.win32_2.0.0.202105311346/tools/bin/../lib/gcc/arm-none-eabi/9.3.1/../../../../arm-none-eabi/lib/thumb/v7-m/nofp\libc_nano.a(lib_a-impure.o)
                              d:/stm32cubeide_1.7.0/stm32cubeide/plugins/com.st.stm32cube.ide.mcu.externaltools.gnu-tools-for-stm32.9-2020-q2-update.win32_2.0.0.202105311346/tools/bin/../lib/gcc/arm-none-eabi/9.3.1/../../../../arm-none-eabi/lib/thumb/v7-m/nofp\libc_nano.a(lib_a-exit.o) (_global_impure_ptr)
d:/stm32cubeide_1.7.0/stm32cubeide/plugins/com.st.stm32cube.ide.mcu.externaltools.gnu-tools-for-stm32.9-2020-q2-update.win32_2.0.0.202105311346/tools/bin/../lib/gcc/arm-none-eabi/9.3.1/../../../../arm-none-eabi/lib/thumb/v7-m/nofp\libc_nano.a(lib_a-init.o)
                              d:/stm32cubeide_1.7.0/stm32cubeide/plugins/com.st.stm32cube.ide.mcu.externaltools.gnu-tools-for-stm32.9-2020-q2-update.win32_2.0.0.202105311346/tools/bin/../lib/gcc/arm-none-eabi/9.3.1/../../../../arm-none-eabi/lib/thumb/v7-m/nofp/crt0.o (__libc_init_array)
d:/stm32cubeide_1.7.0/stm32cubeide/plugins/com.st.stm32cube.ide.mcu.externaltools.gnu-tools-for-stm32.9-2020-q2-update.win32_2.0.0.202105311346/tools/bin/../lib/gcc/arm-none-eabi/9.3.1/../../../../arm-none-eabi/lib/thumb/v7-m/nofp\libc_nano.a(lib_a-malloc.o)
                              ./Core/Src/scheduler.o (malloc)
d:/stm32cubeide_1.7.0/stm32cubeide/plugins/com.st.stm32cube.ide.mcu.externaltools.gnu-tools-for-stm32.9-2020-q2-update.win32_2.0.0.202105311346/tools/bin/../lib/gcc/arm-none-eabi/9.3.1/../../../../arm-none-eabi/lib/thumb/v7-m/nofp\libc_nano.a(lib_a-memset.o)
                              d:/stm32cubeide_1.7.0/stm32cubeide/plugins/com.st.stm32cube.ide.mcu.externaltools.gnu-tools-for-stm32.9-2020-q2-update.win32_2.0.0.202105311346/tools/bin/../lib/gcc/arm-none-eabi/9.3.1/../../../../arm-none-eabi/lib/thumb/v7-m/nofp/crt0.o (memset)
d:/stm32cubeide_1.7.0/stm32cubeide/plugins/com.st.stm32cube.ide.mcu.externaltools.gnu-tools-for-stm32.9-2020-q2-update.win32_2.0.0.202105311346/tools/bin/../lib/gcc/arm-none-eabi/9.3.1/../../../../arm-none-eabi/lib/thumb/v7-m/nofp\libc_nano.a(lib_a-nano-freer.o)
                              d:/stm32cubeide_1.7.0/stm32cubeide/plugins/com.st.stm32cube.ide.mcu.externaltools.gnu-tools-for-stm32.9-2020-q2-update.win32_2.0.0.202105311346/tools/bin/../lib/gcc/arm-none-eabi/9.3.1/../../../../arm-none-eabi/lib/thumb/v7-m/nofp\libc_nano.a(lib_a-malloc.o) (_free_r)
d:/stm32cubeide_1.7.0/stm32cubeide/plugins/com.st.stm32cube.ide.mcu.externaltools.gnu-tools-for-stm32.9-2020-q2-update.win32_2.0.0.202105311346/tools/bin/../lib/gcc/arm-none-eabi/9.3.1/../../../../arm-none-eabi/lib/thumb/v7-m/nofp\libc_nano.a(lib_a-nano-mallocr.o)
                              d:/stm32cubeide_1.7.0/stm32cubeide/plugins/com.st.stm32cube.ide.mcu.externaltools.gnu-tools-for-stm32.9-2020-q2-update.win32_2.0.0.202105311346/tools/bin/../lib/gcc/arm-none-eabi/9.3.1/../../../../arm-none-eabi/lib/thumb/v7-m/nofp\libc_nano.a(lib_a-malloc.o) (_malloc_r)
d:/stm32cubeide_1.7.0/stm32cubeide/plugins/com.st.stm32cube.ide.mcu.externaltools.gnu-tools-for-stm32.9-2020-q2-update.win32_2.0.0.202105311346/tools/bin/../lib/gcc/arm-none-eabi/9.3.1/../../../../arm-none-eabi/lib/thumb/v7-m/nofp\libc_nano.a(lib_a-sbrkr.o)
                              d:/stm32cubeide_1.7.0/stm32cubeide/plugins/com.st.stm32cube.ide.mcu.externaltools.gnu-tools-for-stm32.9-2020-q2-update.win32_2.0.0.202105311346/tools/bin/../lib/gcc/arm-none-eabi/9.3.1/../../../../arm-none-eabi/lib/thumb/v7-m/nofp\libc_nano.a(lib_a-nano-mallocr.o) (_sbrk_r)
d:/stm32cubeide_1.7.0/stm32cubeide/plugins/com.st.stm32cube.ide.mcu.externaltools.gnu-tools-for-stm32.9-2020-q2-update.win32_2.0.0.202105311346/tools/bin/../lib/gcc/arm-none-eabi/9.3.1/../../../../arm-none-eabi/lib/thumb/v7-m/nofp\libc_nano.a(lib_a-sprintf.o)
                              ./Core/Src/LCD_display.o (sprintf)
[...]
Memory Configuration

Name             Origin             Length             Attributes
RAM              0x0000000020000000 0x0000000000005000 xrw
FLASH            0x0000000008000000 0x0000000000020000 xr
*default*        0x0000000000000000 0xffffffffffffffff

Linker script and memory map

LOAD d:/stm32cubeide_1.7.0/stm32cubeide/plugins/com.st.stm32cube.ide.mcu.externaltools.gnu-tools-for-stm32.9-2020-q2-update.win32_2.0.0.202105311346/tools/bin/../lib/gcc/arm-none-eabi/9.3.1/thumb/v7-m/nofp/crti.o
LOAD d:/stm32cubeide_1.7.0/stm32cubeide/plugins/com.st.stm32cube.ide.mcu.externaltools.gnu-tools-for-stm32.9-2020-q2-update.win32_2.0.0.202105311346/tools/bin/../lib/gcc/arm-none-eabi/9.3.1/thumb/v7-m/nofp/crtbegin.o
LOAD d:/stm32cubeide_1.7.0/stm32cubeide/plugins/com.st.stm32cube.ide.mcu.externaltools.gnu-tools-for-stm32.9-2020-q2-update.win32_2.0.0.202105311346/tools/bin/../lib/gcc/arm-none-eabi/9.3.1/../../../../arm-none-eabi/lib/thumb/v7-m/nofp/crt0.o
LOAD ./Core/Src/LCD_display.o
LOAD ./Core/Src/LED_display.o
LOAD ./Core/Src/fsm_auto_mode.o
LOAD ./Core/Src/fsm_config_mode.o
LOAD ./Core/Src/fsm_control_mode.o
LOAD ./Core/Src/fsm_manual_mode.o
LOAD ./Core/Src/fsm_reset_mode.o
LOAD ./Core/Src/i2c_lcd.o
LOAD ./Core/Src/input_processing.o
LOAD ./Core/Src/input_reading.o
LOAD ./Core/Src/main.o
LOAD ./Core/Src/scheduler.o
LOAD ./Core/Src/stm32f1xx_hal_msp.o
LOAD ./Core/Src/stm32f1xx_it.o
LOAD ./Core/Src/syscalls.o
LOAD ./Core/Src/sysmem.o
LOAD ./Core/Src/system_stm32f1xx.o
LOAD ./Core/Startup/startup_stm32f103rbtx.o
LOAD ./Drivers/STM32F1xx_HAL_Driver/Src/stm32f1xx_hal.o
LOAD ./Drivers/STM32F1xx_HAL_Driver/Src/stm32f1xx_hal_cortex.o
LOAD ./Drivers/STM32F1xx_HAL_Driver/Src/stm32f1xx_hal_dma.o
LOAD ./Drivers/STM32F1xx_HAL_Driver/Src/stm32f1xx_hal_exti.o
LOAD ./Drivers/STM32F1xx_HAL_Driver/Src/stm32f1xx_hal_flash.o
LOAD ./Drivers/STM32F1xx_HAL_Driver/Src/stm32f1xx_hal_flash_ex.o
LOAD ./Drivers/STM32F1xx_HAL_Driver/Src/stm32f1xx_hal_gpio.o
LOAD ./Drivers/STM32F1xx_HAL_Driver/Src/stm32f1xx_hal_gpio_ex.o
LOAD ./Drivers/STM32F1xx_HAL_Driver/Src/stm32f1xx_hal_i2c.o
LOAD ./Drivers/STM32F1xx_HAL_Driver/Src/stm32f1xx_hal_pwr.o
LOAD ./Drivers/STM32F1xx_HAL_Driver/Src/stm32f1xx_hal_rcc.o
LOAD ./Drivers/STM32F1xx_HAL_Driver/Src/stm32f1xx_hal_rcc_ex.o
LOAD ./Drivers/STM32F1xx_HAL_Driver/Src/stm32f1xx_hal_tim.o
LOAD ./Drivers/STM32F1xx_HAL_Driver/Src/stm32f1xx_hal_tim_ex.o
START GROUP
LOAD d:/stm32cubeide_1.7.0/stm32cubeide/plugins/com.st.stm32cube.ide.mcu.externaltools.gnu-tools-for-stm32.9-2020-q2-update.win32_2.0.0.202105311346/tools/bin/../lib/gcc/arm-none-eabi/9.3.1/../../../../arm-none-eabi/lib/thumb/v7-m/nofp\libc_nano.a
LOAD d:/stm32cubeide_1.7.0/stm32cubeide/plugins/com.st.stm32cube.ide.mcu.externaltools.gnu-tools-for-stm32.9-2020-q2-update.win32_2.0.0.202105311346/tools/bin/../lib/gcc/arm-none-eabi/9.3.1/../../../../arm-none-eabi/lib/thumb/v7-m/nofp\libm.a
END GROUP
START GROUP
LOAD d:/stm32cubeide_1.7.0/stm32cubeide/plugins/com.st.stm32cube.ide.mcu.externaltools.gnu-tools-for-stm32.9-2020-q2-update.win32_2.0.0.202105311346/tools/bin/../lib/gcc/arm-none-eabi/9.3.1/thumb/v7-m/nofp\libgcc.a
LOAD d:/stm32cubeide_1.7.0/stm32cubeide/plugins/com.st.stm32cube.ide.mcu.externaltools.gnu-tools-for-stm32.9-2020-q2-update.win32_2.0.0.202105311346/tools/bin/../lib/gcc/arm-none-eabi/9.3.1/../../../../arm-none-eabi/lib/thumb/v7-m/nofp\libc_nano.a
END GROUP
START GROUP
LOAD d:/stm32cubeide_1.7.0/stm32cubeide/plugins/com.st.stm32cube.ide.mcu.externaltools.gnu-tools-for-stm32.9-2020-q2-update.win32_2.0.0.202105311346/tools/bin/../lib/gcc/arm-none-eabi/9.3.1/thumb/v7-m/nofp\libgcc.a
LOAD d:/stm32cubeide_1.7.0/stm32cubeide/plugins/com.st.stm32cube.ide.mcu.externaltools.gnu-tools-for-stm32.9-2020-q2-update.win32_2.0.0.202105311346/tools/bin/../lib/gcc/arm-none-eabi/9.3.1/../../../../arm-none-eabi/lib/thumb/v7-m/nofp\libc_nano.a
LOAD d:/stm32cubeide_1.7.0/stm32cubeide/plugins/com.st.stm32cube.ide.mcu.externaltools.gnu-tools-for-stm32.9-2020-q2-update.win32_2.0.0.202105311346/tools/bin/../lib/gcc/arm-none-eabi/9.3.1/../../../../arm-none-eabi/lib/thumb/v7-m/nofp\libnosys.a
END GROUP
START GROUP
LOAD d:/stm32cubeide_1.7.0/stm32cubeide/plugins/com.st.stm32cube.ide.mcu.externaltools.gnu-tools-for-stm32.9-2020-q2-update.win32_2.0.0.202105311346/tools/bin/../lib/gcc/arm-none-eabi/9.3.1/thumb/v7-m/nofp\libgcc.a
LOAD d:/stm32cubeide_1.7.0/stm32cubeide/plugins/com.st.stm32cube.ide.mcu.externaltools.gnu-tools-for-stm32.9-2020-q2-update.win32_2.0.0.202105311346/tools/bin/../lib/gcc/arm-none-eabi/9.3.1/../../../../arm-none-eabi/lib/thumb/v7-m/nofp\libc_nano.a
LOAD d:/stm32cubeide_1.7.0/stm32cubeide/plugins/com.st.stm32cube.ide.mcu.externaltools.gnu-tools-for-stm32.9-2020-q2-update.win32_2.0.0.202105311346/tools/bin/../lib/gcc/arm-none-eabi/9.3.1/../../../../arm-none-eabi/lib/thumb/v7-m/nofp\libnosys.a
END GROUP
LOAD d:/stm32cubeide_1.7.0/stm32cubeide/plugins/com.st.stm32cube.ide.mcu.externaltools.gnu-tools-for-stm32.9-2020-q2-update.win32_2.0.0.202105311346/tools/bin/../lib/gcc/arm-none-eabi/9.3.1/thumb/v7-m/nofp/crtend.o
LOAD d:/stm32cubeide_1.7.0/stm32cubeide/plugins/com.st.stm32cube.ide.mcu.externaltools.gnu-tools-for-stm32.9-2020-q2-update.win32_2.0.0.202105311346/tools/bin/../lib/gcc/arm-none-eabi/9.3.1/thumb/v7-m/nofp/crtn.o
                0x0000000020005000                _estack = (ORIGIN (RAM) + LENGTH (RAM))
                0x0000000000000200                _Min_Heap_Size = 0x200
                0x0000000000000400                _Min_Stack_Size = 0x400

.isr_vector     0x0000000008000000      0x10c
                0x0000000008000000                . = ALIGN (0x4)
 *(.isr_vector)
 .isr_vector    0x0000000008000000      0x10c ./Core/Startup/startup_stm32f103rbtx.o
                0x0000000008000000                g_pfnVectors
                0x000000000800010c                . = ALIGN (0x4)

.text           0x000000000800010c     0x3dd8
                0x000000000800010c                . = ALIGN (0x4)
 *(.text)
 .text          0x000000000800010c       0x40 d:/stm32cubeide_1.7.0/stm32cubeide/plugins/com.st.stm32cube.ide.mcu.externaltools.gnu-tools-for-stm32.9-2020-q2-update.win32_2.0.0.202105311346/tools/bin/../lib/gcc/arm-none-eabi/9.3.1/thumb/v7-m/nofp/crtbegin.o
 .text          0x000000000800014c       0x10 d:/stm32cubeide_1.7.0/stm32cubeide/plugins/com.st.stm32cube.ide.mcu.externaltools.gnu-tools-for-stm32.9-2020-q2-update.win32_2.0.0.202105311346/tools/bin/../lib/gcc/arm-none-eabi/9.3.1/../../../../arm-none-eabi/lib/thumb/v7-m/nofp\libc_nano.a(lib_a-strlen.o)
                0x000000000800014c                strlen
 *(.text*)
 .text.display_LCD_NS
                0x000000000800015c       0xa8 ./Core/Src/LCD_display.o
                0x000000000800015c                display_LCD_NS
 .text.display_LCD_Mode
                0x0000000008000204       0xa8 ./Core/Src/LCD_display.o
                0x0000000008000204                display_LCD_Mode
 .text.turn_off_NS
                0x00000000080002ac       0x24 ./Core/Src/LED_display.o
                0x00000000080002ac                turn_off_NS
 .text.turn_off_EW
                0x00000000080002d0       0x24 ./Core/Src/LED_display.o
                0x00000000080002d0                turn_off_EW
 .text.LED_display_NS
                0x00000000080002f4       0x58 ./Core/Src/LED_display.o
                0x00000000080002f4                LED_display_NS
 .text.LED_display_EW
                0x000000000800034c       0x58 ./Core/Src/LED_display.o
                0x000000000800034c                LED_display_EW
 .text.run_Auto
                0x00000000080003a4      0x180 ./Core/Src/fsm_auto_mode.o
                0x00000000080003a4                run_Auto
 .text.signal_config
                0x0000000008000524       0xd8 ./Core/Src/fsm_config_mode.o
                0x0000000008000524                signal_config
 .text.run_Config
                0x00000000080005fc      0x14c ./Core/Src/fsm_config_mode.o
                0x00000000080005fc                run_Config
 .text.fsm_control_mode
                0x0000000008000748       0xd8 ./Core/Src/fsm_control_mode.o
                0x0000000008000748                fsm_control_mode
 .text.run_Manual
                0x0000000008000820       0x9c ./Core/Src/fsm_manual_mode.o
                0x0000000008000820                run_Manual
 .text.run_Reset
                0x00000000080008bc       0x1c ./Core/Src/fsm_reset_mode.o
                0x00000000080008bc                run_Reset
 .text.lcd_send_cmd
                0x00000000080008d8       0x60 ./Core/Src/i2c_lcd.o
                0x00000000080008d8                lcd_send_cmd
 .text.lcd_send_data
                0x0000000008000938       0x60 ./Core/Src/i2c_lcd.o
                0x0000000008000938                lcd_send_data
 .text.lcd_init
                0x0000000008000998       0x5c ./Core/Src/i2c_lcd.o
                0x0000000008000998                lcd_init
 .text.lcd_send_string
                0x00000000080009f4       0x2a ./Core/Src/i2c_lcd.o
                0x00000000080009f4                lcd_send_string
 .text.lcd_goto_XY
                0x0000000008000a1e       0x44 ./Core/Src/i2c_lcd.o
                0x0000000008000a1e                lcd_goto_XY
 *fill*         0x0000000008000a62        0x2 
 .text.input_processing
                0x0000000008000a64      0x114 ./Core/Src/input_processing.o
                0x0000000008000a64                input_processing
 .text.CheckButton
                0x0000000008000b78       0x3c ./Core/Src/input_processing.o
                0x0000000008000b78                CheckButton
 .text.CheckButton_1s
                0x0000000008000bb4       0x3c ./Core/Src/input_processing.o
                0x0000000008000bb4                CheckButton_1s
 .text.button_reading
                0x0000000008000bf0       0xf0 ./Core/Src/input_reading.o
                0x0000000008000bf0                button_reading
 .text.is_button_pressed
                0x0000000008000ce0       0x34 ./Core/Src/input_reading.o
                0x0000000008000ce0                is_button_pressed
 .text.input_process
                0x0000000008000d14       0x20 ./Core/Src/main.o
                0x0000000008000d14                input_process
 .text.main     0x0000000008000d34       0x9c ./Core/Src/main.o
                0x0000000008000d34                main
 .text.SystemClock_Config
                0x0000000008000dd0       0x76 ./Core/Src/main.o
                0x0000000008000dd0                SystemClock_Config
 *fill*         0x0000000008000e46        0x2 
 .text.MX_I2C1_Init
                0x0000000008000e48       0x5c ./Core/Src/main.o
 .text.MX_TIM2_Init
                0x0000000008000ea4       0x98 ./Core/Src/main.o
 .text.MX_GPIO_Init
                0x0000000008000f3c      0x104 ./Core/Src/main.o
 .text.HAL_TIM_PeriodElapsedCallback
                0x0000000008001040       0x1e ./Core/Src/main.o
                0x0000000008001040                HAL_TIM_PeriodElapsedCallback
 .text.Error_Handler
                0x000000000800105e        0xa ./Core/Src/main.o
                0x000000000800105e                Error_Handler
 .text.SCH_Init
                0x0000000008001068       0x4c ./Core/Src/scheduler.o
                0x0000000008001068                SCH_Init
 .text.SCH_Add_Task
                0x00000000080010b4      0x17c ./Core/Src/scheduler.o
                0x00000000080010b4                SCH_Add_Task
 .text.SCH_Delete_Task
                0x0000000008001230       0xcc ./Core/Src/scheduler.o
                0x0000000008001230                SCH_Delete_Task
 .text.SCH_Dispatch_Tasks
                0x00000000080012fc       0x70 ./Core/Src/scheduler.o
                0x00000000080012fc                SCH_Dispatch_Tasks
 .text.SCH_Update
                0x000000000800136c       0x3c ./Core/Src/scheduler.o
                0x000000000800136c                SCH_Update
 .text.SCH_Go_To_Sleep
                0x00000000080013a8        0xc ./Core/Src/scheduler.o
                0x00000000080013a8                SCH_Go_To_Sleep
 .text.SCH_Report_Status
                0x00000000080013b4        0xc ./Core/Src/scheduler.o
                0x00000000080013b4                SCH_Report_Status
 .text.HAL_MspInit
                0x00000000080013c0       0x64 ./Core/Src/stm32f1xx_hal_msp.o
                0x00000000080013c0                HAL_MspInit
 .text.HAL_I2C_MspInit
                0x0000000008001424       0xa0 ./Core/Src/stm32f1xx_hal_msp.o
                0x0000000008001424                HAL_I2C_MspInit
 .text.HAL_TIM_Base_MspInit
                0x00000000080014c4       0x48 ./Core/Src/stm32f1xx_hal_msp.o
                0x00000000080014c4                HAL_TIM_Base_MspInit
 .text.NMI_Handler
                0x000000000800150c        0x6 ./Core/Src/stm32f1xx_it.o
                0x000000000800150c                NMI_Handler
 .text.HardFault_Handler
                0x0000000008001512        0x6 ./Core/Src/stm32f1xx_it.o
                0x0000000008001512                HardFault_Handler
 .text.MemManage_Handler
                0x0000000008001518        0x6 ./Core/Src/stm32f1xx_it.o
                0x0000000008001518                MemManage_Handler
 .text.BusFault_Handler
                0x000000000800151e        0x6 ./Core/Src/stm32f1xx_it.o
                0x000000000800151e                BusFault_Handler
 .text.UsageFault_Handler
                0x0000000008001524        0x6 ./Core/Src/stm32f1xx_it.o
                0x0000000008001524                UsageFault_Handler
 .text.SVC_Handler
                0x000000000800152a        0xc ./Core/Src/stm32f1xx_it.o
                0x000000000800152a                SVC_Handler
 .text.DebugMon_Handler
                0x0000000008001536        0xc ./Core/Src/stm32f1xx_it.o
                0x0000000008001536                DebugMon_Handler
 .text.PendSV_Handler
                0x0000000008001542        0xc ./Core/Src/stm32f1xx_it.o
                0x0000000008001542                PendSV_Handler
 .text.SysTick_Handler
                0x000000000800154e        0xc ./Core/Src/stm32f1xx_it.o
                0x000000000800154e                SysTick_Handler
 *fill*         0x000000000800155a        0x2 
 .text.TIM2_IRQHandler
                0x000000000800155c       0x14 ./Core/Src/stm32f1xx_it.o
                0x000000000800155c                TIM2_IRQHandler
 .text._sbrk    0x0000000008001570       0x6c ./Core/Src/sysmem.o
                0x0000000008001570                _sbrk
 .text.SystemInit
                0x00000000080015dc        0xc ./Core/Src/system_stm32f1xx.o
                0x00000000080015dc                SystemInit
 .text.Reset_Handler
                0x00000000080015e8       0x48 ./Core/Startup/startup_stm32f103rbtx.o
                0x00000000080015e8                Reset_Handler
 .text.Default_Handler
                0x0000000008001630        0x2 ./Core/Startup/startup_stm32f103rbtx.o
                0x0000000008001630                RTC_Alarm_IRQHandler
                0x0000000008001630                EXTI2_IRQHandler
                0x0000000008001630                TIM1_CC_IRQHandler
                0x0000000008001630                PVD_IRQHandler
                0x0000000008001630                EXTI3_IRQHandler
                0x0000000008001630                EXTI0_IRQHandler
                0x0000000008001630                I2C2_EV_IRQHandler
                0x0000000008001630                ADC1_2_IRQHandler
                0x0000000008001630                SPI1_IRQHandler
                0x0000000008001630                TAMPER_IRQHandler
                0x0000000008001630                DMA1_Channel4_IRQHandler
                0x0000000008001630                USART3_IRQHandler
                0x0000000008001630                RTC_IRQHandler
                0x0000000008001630                DMA1_Channel7_IRQHandler
                0x0000000008001630                CAN1_RX1_IRQHandler
                0x0000000008001630                TIM4_IRQHandler
                0x0000000008001630                I2C1_EV_IRQHandler
                0x0000000008001630                DMA1_Channel6_IRQHandler
                0x0000000008001630                TIM3_IRQHandler
                0x0000000008001630                RCC_IRQHandler
                0x0000000008001630                TIM1_TRG_COM_IRQHandler
                0x0000000008001630                DMA1_Channel1_IRQHandler
                0x0000000008001630                Default_Handler
                0x0000000008001630                EXTI15_10_IRQHandler
                0x0000000008001630                EXTI9_5_IRQHandler
                0x0000000008001630                SPI2_IRQHandler
                0x0000000008001630                DMA1_Channel5_IRQHandler
                0x0000000008001630                EXTI4_IRQHandler
                0x0000000008001630                USB_LP_CAN1_RX0_IRQHandler
                0x0000000008001630                USB_HP_CAN1_TX_IRQHandler
                0x0000000008001630                DMA1_Channel3_IRQHandler
                0x0000000008001630                TIM1_UP_IRQHandler
                0x0000000008001630                WWDG_IRQHandler
                0x0000000008001630                TIM1_BRK_IRQHandler
                0x0000000008001630                EXTI1_IRQHandler
                0x0000000008001630                USART2_IRQHandler
                0x0000000008001630                I2C2_ER_IRQHandler
                0x0000000008001630                DMA1_Channel2_IRQHandler
                0x0000000008001630                CAN1_SCE_IRQHandler
                0x0000000008001630                FLASH_IRQHandler
                0x0000000008001630                USART1_IRQHandler
                0x0000000008001630                I2C1_ER_IRQHandler
                0x0000000008001630                USBWakeUp_IRQHandler
 *fill*         0x0000000008001632        0x2 
 .text.HAL_Init
                0x0000000008001634       0x2c ./Drivers/STM32F1xx_HAL_Driver/Src/stm32f1xx_hal.o
                0x0000000008001634                HAL_Init
 .text.HAL_InitTick
                0x0000000008001660       0x60 ./Drivers/STM32F1xx_HAL_Driver/Src/stm32f1xx_hal.o
                0x0000000008001660                HAL_InitTick
 .text.HAL_IncTick
                0x00000000080016c0       0x24 ./Drivers/STM32F1xx_HAL_Driver/Src/stm32f1xx_hal.o
                0x00000000080016c0                HAL_IncTick
 .text.HAL_GetTick
                0x00000000080016e4       0x14 ./Drivers/STM32F1xx_HAL_Driver/Src/stm32f1xx_hal.o
                0x00000000080016e4                HAL_GetTick
 .text.HAL_Delay
                0x00000000080016f8       0x48 ./Drivers/STM32F1xx_HAL_Driver/Src/stm32f1xx_hal.o
                0x00000000080016f8                HAL_Delay
 .text.__NVIC_SetPriorityGrouping
                0x0000000008001740       0x48 ./Drivers/STM32F1xx_HAL_Driver/Src/stm32f1xx_hal_cortex.o
 .text.__NVIC_GetPriorityGrouping
                0x0000000008001788       0x1c ./Drivers/STM32F1xx_HAL_Driver/Src/stm32f1xx_hal_cortex.o
 .text.__NVIC_EnableIRQ
                0x00000000080017a4       0x38 ./Drivers/STM32F1xx_HAL_Driver/Src/stm32f1xx_hal_cortex.o
 .text.__NVIC_SetPriority
                0x00000000080017dc       0x54 ./Drivers/STM32F1xx_HAL_Driver/Src/stm32f1xx_hal_cortex.o
 .text.NVIC_EncodePriority
                0x0000000008001830       0x64 ./Drivers/STM32F1xx_HAL_Driver/Src/stm32f1xx_hal_cortex.o
 .text.SysTick_Config
                0x0000000008001894       0x44 ./Drivers/STM32F1xx_HAL_Driver/Src/stm32f1xx_hal_cortex.o
 .text.HAL_NVIC_SetPriorityGrouping
                0x00000000080018d8       0x16 ./Drivers/STM32F1xx_HAL_Driver/Src/stm32f1xx_hal_cortex.o
                0x00000000080018d8                HAL_NVIC_SetPriorityGrouping
 .text.HAL_NVIC_SetPriority
                0x00000000080018ee       0x38 ./Drivers/STM32F1xx_HAL_Driver/Src/stm32f1xx_hal_cortex.o
                0x00000000080018ee                HAL_NVIC_SetPriority
 .text.HAL_NVIC_EnableIRQ
                0x0000000008001926       0x1c ./Drivers/STM32F1xx_HAL_Driver/Src/stm32f1xx_hal_cortex.o
                0x0000000008001926                HAL_NVIC_EnableIRQ
 .text.HAL_SYSTICK_Config
                0x0000000008001942       0x18 ./Drivers/STM32F1xx_HAL_Driver/Src/stm32f1xx_hal_cortex.o
                0x0000000008001942                HAL_SYSTICK_Config
 *fill*         0x000000000800195a        0x2 
 .text.HAL_GPIO_Init
                0x000000000800195c      0x308 ./Drivers/STM32F1xx_HAL_Driver/Src/stm32f1xx_hal_gpio.o
                0x000000000800195c                HAL_GPIO_Init
 .text.HAL_GPIO_ReadPin
                0x0000000008001c64       0x2e ./Drivers/STM32F1xx_HAL_Driver/Src/stm32f1xx_hal_gpio.o
                0x0000000008001c64                HAL_GPIO_ReadPin
 .text.HAL_GPIO_WritePin
                0x0000000008001c92       0x30 ./Drivers/STM32F1xx_HAL_Driver/Src/stm32f1xx_hal_gpio.o
                0x0000000008001c92                HAL_GPIO_WritePin
 *fill*         0x0000000008001cc2        0x2 
 .text.HAL_I2C_Init
                0x0000000008001cc4      0x288 ./Drivers/STM32F1xx_HAL_Driver/Src/stm32f1xx_hal_i2c.o
                0x0000000008001cc4                HAL_I2C_Init
 .text.HAL_I2C_Master_Transmit
                0x0000000008001f4c      0x1fc ./Drivers/STM32F1xx_HAL_Driver/Src/stm32f1xx_hal_i2c.o
                0x0000000008001f4c                HAL_I2C_Master_Transmit
 .text.I2C_MasterRequestWrite
                0x0000000008002148      0x104 ./Drivers/STM32F1xx_HAL_Driver/Src/stm32f1xx_hal_i2c.o
 .text.I2C_WaitOnFlagUntilTimeout
                0x000000000800224c       0xf4 ./Drivers/STM32F1xx_HAL_Driver/Src/stm32f1xx_hal_i2c.o
 .text.I2C_WaitOnMasterAddressFlagUntilTimeout
                0x0000000008002340      0x140 ./Drivers/STM32F1xx_HAL_Driver/Src/stm32f1xx_hal_i2c.o
 .text.I2C_WaitOnTXEFlagUntilTimeout
                0x0000000008002480       0x90 ./Drivers/STM32F1xx_HAL_Driver/Src/stm32f1xx_hal_i2c.o
 .text.I2C_WaitOnBTFFlagUntilTimeout
                0x0000000008002510       0x90 ./Drivers/STM32F1xx_HAL_Driver/Src/stm32f1xx_hal_i2c.o
 .text.I2C_IsAcknowledgeFailed
                0x00000000080025a0       0x5c ./Drivers/STM32F1xx_HAL_Driver/Src/stm32f1xx_hal_i2c.o
 .text.HAL_RCC_OscConfig
                0x00000000080025fc      0x500 ./Drivers/STM32F1xx_HAL_Driver/Src/stm32f1xx_hal_rcc.o
                0x00000000080025fc                HAL_RCC_OscConfig
 .text.HAL_RCC_ClockConfig
                0x0000000008002afc      0x1d4 ./Drivers/STM32F1xx_HAL_Driver/Src/stm32f1xx_hal_rcc.o
                0x0000000008002afc                HAL_RCC_ClockConfig
 .text.HAL_RCC_GetSysClockFreq
                0x0000000008002cd0       0xa8 ./Drivers/STM32F1xx_HAL_Driver/Src/stm32f1xx_hal_rcc.o
                0x0000000008002cd0                HAL_RCC_GetSysClockFreq
 .text.HAL_RCC_GetHCLKFreq
                0x0000000008002d78       0x14 ./Drivers/STM32F1xx_HAL_Driver/Src/stm32f1xx_hal_rcc.o
                0x0000000008002d78                HAL_RCC_GetHCLKFreq
 .text.HAL_RCC_GetPCLK1Freq
                0x0000000008002d8c       0x28 ./Drivers/STM32F1xx_HAL_Driver/Src/stm32f1xx_hal_rcc.o
                0x0000000008002d8c                HAL_RCC_GetPCLK1Freq
 .text.RCC_Delay
                0x0000000008002db4       0x3c ./Drivers/STM32F1xx_HAL_Driver/Src/stm32f1xx_hal_rcc.o
 .text.HAL_TIM_Base_Init
                0x0000000008002df0       0x9e ./Drivers/STM32F1xx_HAL_Driver/Src/stm32f1xx_hal_tim.o
                0x0000000008002df0                HAL_TIM_Base_Init
 *fill*         0x0000000008002e8e        0x2 
 .text.HAL_TIM_Base_Start_IT
                0x0000000008002e90       0xa4 ./Drivers/STM32F1xx_HAL_Driver/Src/stm32f1xx_hal_tim.o
                0x0000000008002e90                HAL_TIM_Base_Start_IT
 .text.HAL_TIM_IRQHandler
                0x0000000008002f34      0x1e0 ./Drivers/STM32F1xx_HAL_Driver/Src/stm32f1xx_hal_tim.o
                0x0000000008002f34                HAL_TIM_IRQHandler
 .text.HAL_TIM_ConfigClockSource
                0x0000000008003114      0x18e ./Drivers/STM32F1xx_HAL_Driver/Src/stm32f1xx_hal_tim.o
                0x0000000008003114                HAL_TIM_ConfigClockSource
 .text.HAL_TIM_OC_DelayElapsedCallback
                0x00000000080032a2       0x12 ./Drivers/STM32F1xx_HAL_Driver/Src/stm32f1xx_hal_tim.o
                0x00000000080032a2                HAL_TIM_OC_DelayElapsedCallback
 .text.HAL_TIM_IC_CaptureCallback
                0x00000000080032b4       0x12 ./Drivers/STM32F1xx_HAL_Driver/Src/stm32f1xx_hal_tim.o
                0x00000000080032b4                HAL_TIM_IC_CaptureCallback
 .text.HAL_TIM_PWM_PulseFinishedCallback
                0x00000000080032c6       0x12 ./Drivers/STM32F1xx_HAL_Driver/Src/stm32f1xx_hal_tim.o
                0x00000000080032c6                HAL_TIM_PWM_PulseFinishedCallback
 .text.HAL_TIM_TriggerCallback
                0x00000000080032d8       0x12 ./Drivers/STM32F1xx_HAL_Driver/Src/stm32f1xx_hal_tim.o
                0x00000000080032d8                HAL_TIM_TriggerCallback
 *fill*         0x00000000080032ea        0x2 
 .text.TIM_Base_SetConfig
                0x00000000080032ec       0xdc ./Drivers/STM32F1xx_HAL_Driver/Src/stm32f1xx_hal_tim.o
                0x00000000080032ec                TIM_Base_SetConfig
 .text.TIM_TI1_ConfigInputStage
                0x00000000080033c8       0x5c ./Drivers/STM32F1xx_HAL_Driver/Src/stm32f1xx_hal_tim.o
 .text.TIM_TI2_ConfigInputStage
                0x0000000008003424       0x5e ./Drivers/STM32F1xx_HAL_Driver/Src/stm32f1xx_hal_tim.o
 .text.TIM_ITRx_SetConfig
                0x0000000008003482       0x34 ./Drivers/STM32F1xx_HAL_Driver/Src/stm32f1xx_hal_tim.o
 .text.TIM_ETR_SetConfig
                0x00000000080034b6       0x3e ./Drivers/STM32F1xx_HAL_Driver/Src/stm32f1xx_hal_tim.o
                0x00000000080034b6                TIM_ETR_SetConfig
 .text.HAL_TIMEx_MasterConfigSynchronization
                0x00000000080034f4       0xbc ./Drivers/STM32F1xx_HAL_Driver/Src/stm32f1xx_hal_tim_ex.o
                0x00000000080034f4                HAL_TIMEx_MasterConfigSynchronization
 .text.HAL_TIMEx_CommutCallback
                0x00000000080035b0       0x12 ./Drivers/STM32F1xx_HAL_Driver/Src/stm32f1xx_hal_tim_ex.o
                0x00000000080035b0                HAL_TIMEx_CommutCallback
 .text.HAL_TIMEx_BreakCallback
                0x00000000080035c2       0x12 ./Drivers/STM32F1xx_HAL_Driver/Src/stm32f1xx_hal_tim_ex.o
                0x00000000080035c2                HAL_TIMEx_BreakCallback
 .text.__errno  0x00000000080035d4        0xc d:/stm32cubeide_1.7.0/stm32cubeide/plugins/com.st.stm32cube.ide.mcu.externaltools.gnu-tools-for-stm32.9-2020-q2-update.win32_2.0.0.202105311346/tools/bin/../lib/gcc/arm-none-eabi/9.3.1/../../../../arm-none-eabi/lib/thumb/v7-m/nofp\libc_nano.a(lib_a-errno.o)
                0x00000000080035d4                __errno
 .text.__libc_init_array
                0x00000000080035e0       0x48 d:/stm32cubeide_1.7.0/stm32cubeide/plugins/com.st.stm32cube.ide.mcu.externaltools.gnu-tools-for-stm32.9-2020-q2-update.win32_2.0.0.202105311346/tools/bin/../lib/gcc/arm-none-eabi/9.3.1/../../../../arm-none-eabi/lib/thumb/v7-m/nofp\libc_nano.a(lib_a-init.o)
                0x00000000080035e0                __libc_init_array
 .text.malloc   0x0000000008003628       0x10 d:/stm32cubeide_1.7.0/stm32cubeide/plugins/com.st.stm32cube.ide.mcu.externaltools.gnu-tools-for-stm32.9-2020-q2-update.win32_2.0.0.202105311346/tools/bin/../lib/gcc/arm-none-eabi/9.3.1/../../../../arm-none-eabi/lib/thumb/v7-m/nofp\libc_nano.a(lib_a-malloc.o)
                0x0000000008003628                malloc
 .text.free     0x0000000008003638       0x10 d:/stm32cubeide_1.7.0/stm32cubeide/plugins/com.st.stm32cube.ide.mcu.externaltools.gnu-tools-for-stm32.9-2020-q2-update.win32_2.0.0.202105311346/tools/bin/../lib/gcc/arm-none-eabi/9.3.1/../../../../arm-none-eabi/lib/thumb/v7-m/nofp\libc_nano.a(lib_a-malloc.o)
                0x0000000008003638                free
 .text.memset   0x0000000008003648       0x10 d:/stm32cubeide_1.7.0/stm32cubeide/plugins/com.st.stm32cube.ide.mcu.externaltools.gnu-tools-for-stm32.9-2020-q2-update.win32_2.0.0.202105311346/tools/bin/../lib/gcc/arm-none-eabi/9.3.1/../../../../arm-none-eabi/lib/thumb/v7-m/nofp\libc_nano.a(lib_a-memset.o)
                0x0000000008003648                memset
 .text._free_r  0x0000000008003658       0x98 d:/stm32cubeide_1.7.0/stm32cubeide/plugins/com.st.stm32cube.ide.mcu.externaltools.gnu-tools-for-stm32.9-2020-q2-update.win32_2.0.0.202105311346/tools/bin/../lib/gcc/arm-none-eabi/9.3.1/../../../../arm-none-eabi/lib/thumb/v7-m/nofp\libc_nano.a(lib_a-nano-freer.o)
                0x0000000008003658                _free_r
 .text._malloc_r
                0x00000000080036f0       0xb4 d:/stm32cubeide_1.7.0/stm32cubeide/plugins/com.st.stm32cube.ide.mcu.externaltools.gnu-tools-for-stm32.9-2020-q2-update.win32_2.0.0.202105311346/tools/bin/../lib/gcc/arm-none-eabi/9.3.1/../../../../arm-none-eabi/lib/thumb/v7-m/nofp\libc_nano.a(lib_a-nano-mallocr.o)
                0x00000000080036f0                _malloc_r
 .text._sbrk_r  0x00000000080037a4       0x20 d:/stm32cubeide_1.7.0/stm32cubeide/plugins/com.st.stm32cube.ide.mcu.externaltools.gnu-tools-for-stm32.9-2020-q2-update.win32_2.0.0.202105311346/tools/bin/../lib/gcc/arm-none-eabi/9.3.1/../../../../arm-none-eabi/lib/thumb/v7-m/nofp\libc_nano.a(lib_a-sbrkr.o)
                0x00000000080037a4                _sbrk_r
 .text.sprintf  0x00000000080037c4       0x40 d:/stm32cubeide_1.7.0/stm32cubeide/plugins/com.st.stm32cube.ide.mcu.externaltools.gnu-tools-for-stm32.9-2020-q2-update.win32_2.0.0.202105311346/tools/bin/../lib/gcc/arm-none-eabi/9.3.1/../../../../arm-none-eabi/lib/thumb/v7-m/nofp\libc_nano.a(lib_a-sprintf.o)
                0x00000000080037c4                siprintf
                0x00000000080037c4                sprintf
 .text.__malloc_lock
                0x0000000008003804        0xc d:/stm32cubeide_1.7.0/stm32cubeide/plugins/com.st.stm32cube.ide.mcu.externaltools.gnu-tools-for-stm32.9-2020-q2-update.win32_2.0.0.202105311346/tools/bin/../lib/gcc/arm-none-eabi/9.3.1/../../../../arm-none-eabi/lib/thumb/v7-m/nofp\libc_nano.a(lib_a-mlock.o)
                0x0000000008003804                __malloc_lock
 .text.__malloc_unlock
                0x0000000008003810        0xc d:/stm32cubeide_1.7.0/stm32cubeide/plugins/com.st.stm32cube.ide.mcu.externaltools.gnu-tools-for-stm32.9-2020-q2-update.win32_2.0.0.202105311346/tools/bin/../lib/gcc/arm-none-eabi/9.3.1/../../../../arm-none-eabi/lib/thumb/v7-m/nofp\libc_nano.a(lib_a-mlock.o)
                0x0000000008003810                __malloc_unlock
 .text.__ssputs_r
                0x000000000800381c       0xb6 d:/stm32cubeide_1.7.0/stm32cubeide/plugins/com.st.stm32cube.ide.mcu.externaltools.gnu-tools-for-stm32.9-2020-q2-update.win32_2.0.0.202105311346/tools/bin/../lib/gcc/arm-none-eabi/9.3.1/../../../../arm-none-eabi/lib/thumb/v7-m/nofp\libc_nano.a(lib_a-nano-svfprintf.o)
                0x000000000800381c                __ssputs_r
 *fill*         0x00000000080038d2        0x2 
 .text._svfprintf_r
                0x00000000080038d4      0x200 d:/stm32cubeide_1.7.0/stm32cubeide/plugins/com.st.stm32cube.ide.mcu.externaltools.gnu-tools-for-stm32.9-2020-q2-update.win32_2.0.0.202105311346/tools/bin/../lib/gcc/arm-none-eabi/9.3.1/../../../../arm-none-eabi/lib/thumb/v7-m/nofp\libc_nano.a(lib_a-nano-svfprintf.o)
                0x00000000080038d4                _svfiprintf_r
                0x00000000080038d4                _svfprintf_r
 .text._printf_common
                0x0000000008003ad4       0xde d:/stm32cubeide_1.7.0/stm32cubeide/plugins/com.st.stm32cube.ide.mcu.externaltools.gnu-tools-for-stm32.9-2020-q2-update.win32_2.0.0.202105311346/tools/bin/../lib/gcc/arm-none-eabi/9.3.1/../../../../arm-none-eabi/lib/thumb/v7-m/nofp\libc_nano.a(lib_a-nano-vfprintf_i.o)
                0x0000000008003ad4                _printf_common
 *fill*         0x0000000008003bb2        0x2 
 .text._printf_i
                0x0000000008003bb4      0x24c d:/stm32cubeide_1.7.0/stm32cubeide/plugins/com.st.stm32cube.ide.mcu.externaltools.gnu-tools-for-stm32.9-2020-q2-update.win32_2.0.0.202105311346/tools/bin/../lib/gcc/arm-none-eabi/9.3.1/../../../../arm-none-eabi/lib/thumb/v7-m/nofp\libc_nano.a(lib_a-nano-vfprintf_i.o)
                0x0000000008003bb4                _printf_i
 .text.__retarget_lock_acquire_recursive
                0x0000000008003e00        0x2 d:/stm32cubeide_1.7.0/stm32cubeide/plugins/com.st.stm32cube.ide.mcu.externaltools.gnu-tools-for-stm32.9-2020-q2-update.win32_2.0.0.202105311346/tools/bin/../lib/gcc/arm-none-eabi/9.3.1/../../../../arm-none-eabi/lib/thumb/v7-m/nofp\libc_nano.a(lib_a-lock.o)
                0x0000000008003e00                __retarget_lock_acquire_recursive
 .text.__retarget_lock_release_recursive
                0x0000000008003e02        0x2 d:/stm32cubeide_1.7.0/stm32cubeide/plugins/com.st.stm32cube.ide.mcu.externaltools.gnu-tools-for-stm32.9-2020-q2-update.win32_2.0.0.202105311346/tools/bin/../lib/gcc/arm-none-eabi/9.3.1/../../../../arm-none-eabi/lib/thumb/v7-m/nofp\libc_nano.a(lib_a-lock.o)
                0x0000000008003e02                __retarget_lock_release_recursive
 .text.memchr   0x0000000008003e04       0x1c d:/stm32cubeide_1.7.0/stm32cubeide/plugins/com.st.stm32cube.ide.mcu.externaltools.gnu-tools-for-stm32.9-2020-q2-update.win32_2.0.0.202105311346/tools/bin/../lib/gcc/arm-none-eabi/9.3.1/../../../../arm-none-eabi/lib/thumb/v7-m/nofp\libc_nano.a(lib_a-memchr-stub.o)
                0x0000000008003e04                memchr
 .text.memcpy   0x0000000008003e20       0x1c d:/stm32cubeide_1.7.0/stm32cubeide/plugins/com.st.stm32cube.ide.mcu.externaltools.gnu-tools-for-stm32.9-2020-q2-update.win32_2.0.0.202105311346/tools/bin/../lib/gcc/arm-none-eabi/9.3.1/../../../../arm-none-eabi/lib/thumb/v7-m/nofp\libc_nano.a(lib_a-memcpy-stub.o)
                0x0000000008003e20                memcpy
 .text.memmove  0x0000000008003e3c       0x34 d:/stm32cubeide_1.7.0/stm32cubeide/plugins/com.st.stm32cube.ide.mcu.externaltools.gnu-tools-for-stm32.9-2020-q2-update.win32_2.0.0.202105311346/tools/bin/../lib/gcc/arm-none-eabi/9.3.1/../../../../arm-none-eabi/lib/thumb/v7-m/nofp\libc_nano.a(lib_a-memmove.o)
                0x0000000008003e3c                memmove
 .text._realloc_r
                0x0000000008003e70       0x4c d:/stm32cubeide_1.7.0/stm32cubeide/plugins/com.st.stm32cube.ide.mcu.externaltools.gnu-tools-for-stm32.9-2020-q2-update.win32_2.0.0.202105311346/tools/bin/../lib/gcc/arm-none-eabi/9.3.1/../../../../arm-none-eabi/lib/thumb/v7-m/nofp\libc_nano.a(lib_a-nano-reallocr.o)
                0x0000000008003e70                _realloc_r
 .text._malloc_usable_size_r
                0x0000000008003ebc       0x10 d:/stm32cubeide_1.7.0/stm32cubeide/plugins/com.st.stm32cube.ide.mcu.externaltools.gnu-tools-for-stm32.9-2020-q2-update.win32_2.0.0.202105311346/tools/bin/../lib/gcc/arm-none-eabi/9.3.1/../../../../arm-none-eabi/lib/thumb/v7-m/nofp\libc_nano.a(lib_a-nano-msizer.o)
                0x0000000008003ebc                _malloc_usable_size_r
 *(.glue_7)
 .glue_7        0x0000000008003ecc        0x0 linker stubs
 *(.glue_7t)
 .glue_7t       0x0000000008003ecc        0x0 linker stubs
 *(.eh_frame)
 .eh_frame      0x0000000008003ecc        0x0 d:/stm32cubeide_1.7.0/stm32cubeide/plugins/com.st.stm32cube.ide.mcu.externaltools.gnu-tools-for-stm32.9-2020-q2-update.win32_2.0.0.202105311346/tools/bin/../lib/gcc/arm-none-eabi/9.3.1/thumb/v7-m/nofp/crtbegin.o
 *(.init)
 .init          0x0000000008003ecc        0x4 d:/stm32cubeide_1.7.0/stm32cubeide/plugins/com.st.stm32cube.ide.mcu.externaltools.gnu-tools-for-stm32.9-2020-q2-update.win32_2.0.0.202105311346/tools/bin/../lib/gcc/arm-none-eabi/9.3.1/thumb/v7-m/nofp/crti.o
                0x0000000008003ecc                _init
 .init          0x0000000008003ed0        0x8 d:/stm32cubeide_1.7.0/stm32cubeide/plugins/com.st.stm32cube.ide.mcu.externaltools.gnu-tools-for-stm32.9-2020-q2-update.win32_2.0.0.202105311346/tools/bin/../lib/gcc/arm-none-eabi/9.3.1/thumb/v7-m/nofp/crtn.o
 *(.fini)
 .fini          0x0000000008003ed8        0x4 d:/stm32cubeide_1.7.0/stm32cubeide/plugins/com.st.stm32cube.ide.mcu.externaltools.gnu-tools-for-stm32.9-2020-q2-update.win32_2.0.0.202105311346/tools/bin/../lib/gcc/arm-none-eabi/9.3.1/thumb/v7-m/nofp/crti.o
                0x0000000008003ed8                _fini
 .fini          0x0000000008003edc        0x8 d:/stm32cubeide_1.7.0/stm32cubeide/plugins/com.st.stm32cube.ide.mcu.externaltools.gnu-tools-for-stm32.9-2020-q2-update.win32_2.0.0.202105311346/tools/bin/../lib/gcc/arm-none-eabi/9.3.1/thumb/v7-m/nofp/crtn.o
                0x0000000008003ee4                . = ALIGN (0x4)
                0x0000000008003ee4                _etext = .

.vfp11_veneer   0x0000000008003ee4        0x0
 .vfp11_veneer  0x0000000008003ee4        0x0 linker stubs

.v4_bx          0x0000000008003ee4        0x0
 .v4_bx         0x0000000008003ee4        0x0 linker stubs

.iplt           0x0000000008003ee4        0x0
 .iplt          0x0000000008003ee4        0x0 d:/stm32cubeide_1.7.0/stm32cubeide/plugins/com.st.stm32cube.ide.mcu.externaltools.gnu-tools-for-stm32.9-2020-q2-update.win32_2.0.0.202105311346/tools/bin/../lib/gcc/arm-none-eabi/9.3.1/thumb/v7-m/nofp/crtbegin.o

.rodata         0x0000000008003ee4       0xd4
                0x0000000008003ee4                . = ALIGN (0x4)
 *(.rodata)
 .rodata        0x0000000008003ee4       0x17 ./Core/Src/LCD_display.o
 *fill*         0x0000000008003efb        0x1 
 .rodata        0x0000000008003efc       0x2f ./Core/Src/fsm_auto_mode.o
 *fill*         0x0000000008003f2b        0x1 
 .rodata        0x0000000008003f2c       0x23 ./Core/Src/fsm_config_mode.o
 *fill*         0x0000000008003f4f        0x1 
 .rodata        0x0000000008003f50        0x7 ./Core/Src/fsm_control_mode.o
 *(.rodata*)
 *fill*         0x0000000008003f57        0x1 
 .rodata.AHBPrescTable
                0x0000000008003f58       0x10 ./Core/Src/system_stm32f1xx.o
                0x0000000008003f58                AHBPrescTable
 .rodata.APBPrescTable
                0x0000000008003f68        0x8 ./Core/Src/system_stm32f1xx.o
                0x0000000008003f68                APBPrescTable
 .rodata.aPLLMULFactorTable.6283
                0x0000000008003f70       0x10 ./Drivers/STM32F1xx_HAL_Driver/Src/stm32f1xx_hal_rcc.o
 .rodata.aPredivFactorTable.6284
                0x0000000008003f80        0x2 ./Drivers/STM32F1xx_HAL_Driver/Src/stm32f1xx_hal_rcc.o
 .rodata._svfprintf_r.str1.1
                0x0000000008003f82       0x11 d:/stm32cubeide_1.7.0/stm32cubeide/plugins/com.st.stm32cube.ide.mcu.externaltools.gnu-tools-for-stm32.9-2020-q2-update.win32_2.0.0.202105311346/tools/bin/../lib/gcc/arm-none-eabi/9.3.1/../../../../arm-none-eabi/lib/thumb/v7-m/nofp\libc_nano.a(lib_a-nano-svfprintf.o)
 .rodata._printf_i.str1.1
                0x0000000008003f93       0x22 d:/stm32cubeide_1.7.0/stm32cubeide/plugins/com.st.stm32cube.ide.mcu.externaltools.gnu-tools-for-stm32.9-2020-q2-update.win32_2.0.0.202105311346/tools/bin/../lib/gcc/arm-none-eabi/9.3.1/../../../../arm-none-eabi/lib/thumb/v7-m/nofp\libc_nano.a(lib_a-nano-vfprintf_i.o)
                0x0000000008003fb8                . = ALIGN (0x4)
 *fill*         0x0000000008003fb5        0x3 

.rel.dyn        0x0000000008003fb8        0x0
 .rel.iplt      0x0000000008003fb8        0x0 d:/stm32cubeide_1.7.0/stm32cubeide/plugins/com.st.stm32cube.ide.mcu.externaltools.gnu-tools-for-stm32.9-2020-q2-update.win32_2.0.0.202105311346/tools/bin/../lib/gcc/arm-none-eabi/9.3.1/thumb/v7-m/nofp/crtbegin.o

.ARM.extab      0x0000000008003fb8        0x0
                0x0000000008003fb8                . = ALIGN (0x4)
 *(.ARM.extab* .gnu.linkonce.armextab.*)
                0x0000000008003fb8                . = ALIGN (0x4)

.ARM            0x0000000008003fb8        0x0
                0x0000000008003fb8                . = ALIGN (0x4)
                0x0000000008003fb8                __exidx_start = .
 *(.ARM.exidx*)
                0x0000000008003fb8                __exidx_end = .
                0x0000000008003fb8                . = ALIGN (0x4)

.preinit_array  0x0000000008003fb8        0x0
                0x0000000008003fb8                . = ALIGN (0x4)
                0x0000000008003fb8                PROVIDE (__preinit_array_start = .)
 *(.preinit_array*)
                0x0000000008003fb8                PROVIDE (__preinit_array_end = .)
                0x0000000008003fb8                . = ALIGN (0x4)

.init_array     0x0000000008003fb8        0x4
                0x0000000008003fb8                . = ALIGN (0x4)
                0x0000000008003fb8                PROVIDE (__init_array_start = .)
 *(SORT_BY_NAME(.init_array.*))
 *(.init_array*)
 .init_array    0x0000000008003fb8        0x4 d:/stm32cubeide_1.7.0/stm32cubeide/plugins/com.st.stm32cube.ide.mcu.externaltools.gnu-tools-for-stm32.9-2020-q2-update.win32_2.0.0.202105311346/tools/bin/../lib/gcc/arm-none-eabi/9.3.1/thumb/v7-m/nofp/crtbegin.o
                0x0000000008003fbc                PROVIDE (__init_array_end = .)
                0x0000000008003fbc                . = ALIGN (0x4)

.fini_array     0x0000000008003fbc        0x4
                0x0000000008003fbc                . = ALIGN (0x4)
                [!provide]                        PROVIDE (__fini_array_start = .)
 *(SORT_BY_NAME(.fini_array.*))
 *(.fini_array*)
 .fini_array    0x0000000008003fbc        0x4 d:/stm32cubeide_1.7.0/stm32cubeide/plugins/com.st.stm32cube.ide.mcu.externaltools.gnu-tools-for-stm32.9-2020-q2-update.win32_2.0.0.202105311346/tools/bin/../lib/gcc/arm-none-eabi/9.3.1/thumb/v7-m/nofp/crtbegin.o
                [!provide]                        PROVIDE (__fini_array_end = .)
                0x0000000008003fc0                . = ALIGN (0x4)
                0x0000000008003fc0                _sidata = LOADADDR (.data)

.data           0x0000000020000000       0x8c load address 0x0000000008003fc0
                0x0000000020000000                . = ALIGN (0x4)
                0x0000000020000000                _sdata = .
 *(.data)
 *(.data*)
 .data.GREEN    0x0000000020000000        0x1 ./Core/Src/fsm_auto_mode.o
                0x0000000020000000                GREEN
 .data.YELLOW   0x0000000020000001        0x1 ./Core/Src/fsm_auto_mode.o
                0x0000000020000001                YELLOW
 .data.RED      0x0000000020000002        0x1 ./Core/Src/fsm_auto_mode.o
                0x0000000020000002                RED
 .data.cnt      0x0000000020000003        0x1 ./Core/Src/fsm_config_mode.o
                0x0000000020000003                cnt
 .data.BUTTON_GPIO_Port
                0x0000000020000004       0x10 ./Core/Src/input_reading.o
                0x0000000020000004                BUTTON_GPIO_Port
 .data.BUTTON_Pin
                0x0000000020000014        0x8 ./Core/Src/input_reading.o
                0x0000000020000014                BUTTON_Pin
 .data.SystemCoreClock
                0x000000002000001c        0x4 ./Core/Src/system_stm32f1xx.o
                0x000000002000001c                SystemCoreClock
 .data.uwTickPrio
                0x0000000020000020        0x4 ./Drivers/STM32F1xx_HAL_Driver/Src/stm32f1xx_hal.o
                0x0000000020000020                uwTickPrio
 .data.uwTickFreq
                0x0000000020000024        0x1 ./Drivers/STM32F1xx_HAL_Driver/Src/stm32f1xx_hal.o
                0x0000000020000024                uwTickFreq
 *fill*         0x0000000020000025        0x3 
 .data._impure_ptr
                0x0000000020000028        0x4 d:/stm32cubeide_1.7.0/stm32cubeide/plugins/com.st.stm32cube.ide.mcu.externaltools.gnu-tools-for-stm32.9-2020-q2-update.win32_2.0.0.202105311346/tools/bin/../lib/gcc/arm-none-eabi/9.3.1/../../../../arm-none-eabi/lib/thumb/v7-m/nofp\libc_nano.a(lib_a-impure.o)
                0x0000000020000028                _impure_ptr
 .data.impure_data
                0x000000002000002c       0x60 d:/stm32cubeide_1.7.0/stm32cubeide/plugins/com.st.stm32cube.ide.mcu.externaltools.gnu-tools-for-stm32.9-2020-q2-update.win32_2.0.0.202105311346/tools/bin/../lib/gcc/arm-none-eabi/9.3.1/../../../../arm-none-eabi/lib/thumb/v7-m/nofp\libc_nano.a(lib_a-impure.o)
 *(.RamFunc)
 *(.RamFunc*)
                0x000000002000008c                . = ALIGN (0x4)
                0x000000002000008c                _edata = .

.igot.plt       0x000000002000008c        0x0 load address 0x000000000800404c
 .igot.plt      0x000000002000008c        0x0 d:/stm32cubeide_1.7.0/stm32cubeide/plugins/com.st.stm32cube.ide.mcu.externaltools.gnu-tools-for-stm32.9-2020-q2-update.win32_2.0.0.202105311346/tools/bin/../lib/gcc/arm-none-eabi/9.3.1/thumb/v7-m/nofp/crtbegin.o
                0x000000002000008c                . = ALIGN (0x4)

.bss            0x000000002000008c      0x164 load address 0x000000000800404c
                0x000000002000008c                _sbss = .
                0x000000002000008c                __bss_start__ = _sbss
 *(.bss)
 .bss           0x000000002000008c       0x1c d:/stm32cubeide_1.7.0/stm32cubeide/plugins/com.st.stm32cube.ide.mcu.externaltools.gnu-tools-for-stm32.9-2020-q2-update.win32_2.0.0.202105311346/tools/bin/../lib/gcc/arm-none-eabi/9.3.1/thumb/v7-m/nofp/crtbegin.o
 *(.bss*)
 .bss.len1      0x00000000200000a8        0x1 ./Core/Src/LCD_display.o
                0x00000000200000a8                len1
 .bss.len2      0x00000000200000a9        0x1 ./Core/Src/LCD_display.o
                0x00000000200000a9                len2
 *fill*         0x00000000200000aa        0x2 
 .bss.NS_time   0x00000000200000ac        0x4 ./Core/Src/fsm_auto_mode.o
                0x00000000200000ac                NS_time
 .bss.EW_time   0x00000000200000b0        0x4 ./Core/Src/fsm_auto_mode.o
                0x00000000200000b0                EW_time
 .bss.incre     0x00000000200000b4        0x1 ./Core/Src/fsm_config_mode.o
                0x00000000200000b4                incre
 .bss.check     0x00000000200000b5        0x1 ./Core/Src/fsm_config_mode.o
                0x00000000200000b5                check
 .bss.State     0x00000000200000b6        0x1 ./Core/Src/fsm_control_mode.o
                0x00000000200000b6                State
 .bss.C         0x00000000200000b7        0x1 ./Core/Src/fsm_manual_mode.o
                0x00000000200000b7                C
 .bss.buttonState
                0x00000000200000b8        0x4 ./Core/Src/input_processing.o
 .bss.checkButton
                0x00000000200000bc       0x10 ./Core/Src/input_processing.o
 .bss.checkButton_1s
                0x00000000200000cc       0x10 ./Core/Src/input_processing.o
 .bss.counter_for_long_press
                0x00000000200000dc       0x10 ./Core/Src/input_processing.o
 .bss.buttonBuffer
                0x00000000200000ec        0x4 ./Core/Src/input_reading.o
 .bss.debounceButtonBuffer1
                0x00000000200000f0        0x4 ./Core/Src/input_reading.o
 .bss.debounceButtonBuffer2
                0x00000000200000f4        0x4 ./Core/Src/input_reading.o
 .bss.debounceButtonBuffer0
                0x00000000200000f8        0x4 ./Core/Src/input_reading.o
 .bss.flagForButtonPress1s
                0x00000000200000fc        0x4 ./Core/Src/input_reading.o
 .bss.counterForButtonPress1s
                0x0000000020000100        0x8 ./Core/Src/input_reading.o
 .bss.head      0x0000000020000108        0x4 ./Core/Src/scheduler.o
                0x0000000020000108                head
 .bss.size      0x000000002000010c        0x1 ./Core/Src/scheduler.o
                0x000000002000010c                size
 *fill*         0x000000002000010d        0x3 
 .bss.delta_time
                0x0000000020000110        0x4 ./Core/Src/scheduler.o
                0x0000000020000110                delta_time
 .bss.__sbrk_heap_end
                0x0000000020000114        0x4 ./Core/Src/sysmem.o
 .bss.__malloc_free_list
                0x0000000020000118        0x4 d:/stm32cubeide_1.7.0/stm32cubeide/plugins/com.st.stm32cube.ide.mcu.externaltools.gnu-tools-for-stm32.9-2020-q2-update.win32_2.0.0.202105311346/tools/bin/../lib/gcc/arm-none-eabi/9.3.1/../../../../arm-none-eabi/lib/thumb/v7-m/nofp\libc_nano.a(lib_a-nano-mallocr.o)
                0x0000000020000118                __malloc_free_list
 .bss.__malloc_sbrk_start
                0x000000002000011c        0x4 d:/stm32cubeide_1.7.0/stm32cubeide/plugins/com.st.stm32cube.ide.mcu.externaltools.gnu-tools-for-stm32.9-2020-q2-update.win32_2.0.0.202105311346/tools/bin/../lib/gcc/arm-none-eabi/9.3.1/../../../../arm-none-eabi/lib/thumb/v7-m/nofp\libc_nano.a(lib_a-nano-mallocr.o)
                0x000000002000011c                __malloc_sbrk_start
 *(COMMON)
 COMMON         0x0000000020000120       0x1c ./Core/Src/LCD_display.o
                0x0000000020000120                buffer
                0x0000000020000134                time1
                0x0000000020000138                time2
 COMMON         0x000000002000013c       0x9c ./Core/Src/main.o
                0x000000002000013c                hi2c1
                0x0000000020000190                htim2
 COMMON         0x00000000200001d8        0x1 ./Core/Src/scheduler.o
                0x00000000200001d8                Error_code_G
 *fill*         0x00000000200001d9        0x3 
 COMMON         0x00000000200001dc        0x4 ./Drivers/STM32F1xx_HAL_Driver/Src/stm32f1xx_hal.o
                0x00000000200001dc                uwTick
 COMMON         0x00000000200001e0        0x4 d:/stm32cubeide_1.7.0/stm32cubeide/plugins/com.st.stm32cube.ide.mcu.externaltools.gnu-tools-for-stm32.9-2020-q2-update.win32_2.0.0.202105311346/tools/bin/../lib/gcc/arm-none-eabi/9.3.1/../../../../arm-none-eabi/lib/thumb/v7-m/nofp\libc_nano.a(lib_a-reent.o)
                0x00000000200001e0                errno
 COMMON         0x00000000200001e4        0x9 d:/stm32cubeide_1.7.0/stm32cubeide/plugins/com.st.stm32cube.ide.mcu.externaltools.gnu-tools-for-stm32.9-2020-q2-update.win32_2.0.0.202105311346/tools/bin/../lib/gcc/arm-none-eabi/9.3.1/../../../../arm-none-eabi/lib/thumb/v7-m/nofp\libc_nano.a(lib_a-lock.o)
                0x00000000200001e4                __lock___atexit_recursive_mutex
                0x00000000200001e5                __lock___arc4random_mutex
                0x00000000200001e6                __lock___env_recursive_mutex
                0x00000000200001e7                __lock___sinit_recursive_mutex
                0x00000000200001e8                __lock___malloc_recursive_mutex
                0x00000000200001e9                __lock___at_quick_exit_mutex
                0x00000000200001ea                __lock___dd_hash_mutex
                0x00000000200001eb                __lock___tz_mutex
                0x00000000200001ec                __lock___sfp_recursive_mutex
                0x00000000200001f0                . = ALIGN (0x4)
 *fill*         0x00000000200001ed        0x3 
                0x00000000200001f0                _ebss = .
                0x00000000200001f0                __bss_end__ = _ebss

._user_heap_stack
                0x00000000200001f0      0x600 load address 0x000000000800404c
                0x00000000200001f0                . = ALIGN (0x8)
                [!provide]                        PROVIDE (end = .)
                0x00000000200001f0                PROVIDE (_end = .)
                0x00000000200003f0                . = (. + _Min_Heap_Size)
 *fill*         0x00000000200001f0      0x200 
                0x00000000200007f0                . = (. + _Min_Stack_Size)
 *fill*         0x00000000200003f0      0x400 
                0x00000000200007f0                . = ALIGN (0x8)

/DISCARD/
 libc.a(*)
 libm.a(*)
 libgcc.a(*)

.ARM.attributes
                0x0000000000000000       0x29
 *(.ARM.attributes)
 .ARM.attributes
                0x0000000000000000       0x1d d:/stm32cubeide_1.7.0/stm32cubeide/plugins/com.st.stm32cube.ide.mcu.externaltools.gnu-tools-for-stm32.9-2020-q2-update.win32_2.0.0.202105311346/tools/bin/../lib/gcc/arm-none-eabi/9.3.1/thumb/v7-m/nofp/crti.o
 .ARM.attributes
                0x000000000000001d       0x2d d:/stm32cubeide_1.7.0/stm32cubeide/plugins/com.st.stm32cube.ide.mcu.externaltools.gnu-tools-for-stm32.9-2020-q2-update.win32_2.0.0.202105311346/tools/bin/../lib/gcc/arm-none-eabi/9.3.1/thumb/v7-m/nofp/crtbegin.o
 .ARM.attributes
                0x000000000000004a       0x2d ./Core/Src/LCD_display.o
 .ARM.attributes
                0x0000000000000077       0x2d ./Core/Src/LED_display.o
 .ARM.attributes
                0x00000000000000a4       0x2d ./Core/Src/fsm_auto_mode.o
 .ARM.attributes
                0x00000000000000d1       0x2d ./Core/Src/fsm_config_mode.o
 .ARM.attributes
                0x00000000000000fe       0x2d ./Core/Src/fsm_control_mode.o
 .ARM.attributes
                0x000000000000012b       0x2d ./Core/Src/fsm_manual_mode.o
 .ARM.attributes
                0x0000000000000158       0x2d ./Core/Src/fsm_reset_mode.o
 .ARM.attributes
                0x0000000000000185       0x2d ./Core/Src/i2c_lcd.o
 .ARM.attributes
                0x00000000000001b2       0x2d ./Core/Src/input_processing.o
 .ARM.attributes
                0x00000000000001df       0x2d ./Core/Src/input_reading.o
 .ARM.attributes
                0x000000000000020c       0x2d ./Core/Src/main.o
 .ARM.attributes
                0x0000000000000239       0x2d ./Core/Src/scheduler.o
 .ARM.attributes
                0x0000000000000266       0x2d ./Core/Src/stm32f1xx_hal_msp.o
 .ARM.attributes
                0x0000000000000293       0x2d ./Core/Src/stm32f1xx_it.o
 .ARM.attributes
                0x00000000000002c0       0x2d ./Core/Src/sysmem.o
 .ARM.attributes
                0x00000000000002ed       0x2d ./Core/Src/system_stm32f1xx.o
 .ARM.attributes
                0x000000000000031a       0x21 ./Core/Startup/startup_stm32f103rbtx.o
 .ARM.attributes
                0x000000000000033b       0x2d ./Drivers/STM32F1xx_HAL_Driver/Src/stm32f1xx_hal.o
 .ARM.attributes
                0x0000000000000368       0x2d ./Drivers/STM32F1xx_HAL_Driver/Src/stm32f1xx_hal_cortex.o
 .ARM.attributes
                0x0000000000000395       0x2d ./Drivers/STM32F1xx_HAL_Driver/Src/stm32f1xx_hal_gpio.o
 .ARM.attributes
                0x00000000000003c2       0x2d ./Drivers/STM32F1xx_HAL_Driver/Src/stm32f1xx_hal_i2c.o
 .ARM.attributes
                0x00000000000003ef       0x2d ./Drivers/STM32F1xx_HAL_Driver/Src/stm32f1xx_hal_rcc.o
 .ARM.attributes
                0x000000000000041c       0x2d ./Drivers/STM32F1xx_HAL_Driver/Src/stm32f1xx_hal_tim.o
 .ARM.attributes
                0x0000000000000449       0x2d ./Drivers/STM32F1xx_HAL_Driver/Src/stm32f1xx_hal_tim_ex.o
 .ARM.attributes
                0x0000000000000476       0x2d d:/stm32cubeide_1.7.0/stm32cubeide/plugins/com.st.stm32cube.ide.mcu.externaltools.gnu-tools-for-stm32.9-2020-q2-update.win32_2.0.0.202105311346/tools/bin/../lib/gcc/arm-none-eabi/9.3.1/../../../../arm-none-eabi/lib/thumb/v7-m/nofp\libc_nano.a(lib_a-errno.o)
 .ARM.attributes
                0x00000000000004a3       0x2d d:/stm32cubeide_1.7.0/stm32cubeide/plugins/com.st.stm32cube.ide.mcu.externaltools.gnu-tools-for-stm32.9-2020-q2-update.win32_2.0.0.202105311346/tools/bin/../lib/gcc/arm-none-eabi/9.3.1/../../../../arm-none-eabi/lib/thumb/v7-m/nofp\libc_nano.a(lib_a-impure.o)
 .ARM.attributes
                0x00000000000004d0       0x2d d:/stm32cubeide_1.7.0/stm32cubeide/plugins/com.st.stm32cube.ide.mcu.externaltools.gnu-tools-for-stm32.9-2020-q2-update.win32_2.0.0.202105311346/tools/bin/../lib/gcc/arm-none-eabi/9.3.1/../../../../arm-none-eabi/lib/thumb/v7-m/nofp\libc_nano.a(lib_a-init.o)
 .ARM.attributes
                0x00000000000004fd       0x2d d:/stm32cubeide_1.7.0/stm32cubeide/plugins/com.st.stm32cube.ide.mcu.externaltools.gnu-tools-for-stm32.9-2020-q2-update.win32_2.0.0.202105311346/tools/bin/../lib/gcc/arm-none-eabi/9.3.1/../../../../arm-none-eabi/lib/thumb/v7-m/nofp\libc_nano.a(lib_a-malloc.o)
 .ARM.attributes
                0x000000000000052a       0x2d d:/stm32cubeide_1.7.0/stm32cubeide/plugins/com.st.stm32cube.ide.mcu.externaltools.gnu-tools-for-stm32.9-2020-q2-update.win32_2.0.0.202105311346/tools/bin/../lib/gcc/arm-none-eabi/9.3.1/../../../../arm-none-eabi/lib/thumb/v7-m/nofp\libc_nano.a(lib_a-memset.o)
 .ARM.attributes
                0x0000000000000557       0x2d d:/stm32cubeide_1.7.0/stm32cubeide/plugins/com.st.stm32cube.ide.mcu.externaltools.gnu-tools-for-stm32.9-2020-q2-update.win32_2.0.0.202105311346/tools/bin/../lib/gcc/arm-none-eabi/9.3.1/../../../../arm-none-eabi/lib/thumb/v7-m/nofp\libc_nano.a(lib_a-nano-freer.o)
 .ARM.attributes
                0x0000000000000584       0x2d d:/stm32cubeide_1.7.0/stm32cubeide/plugins/com.st.stm32cube.ide.mcu.externaltools.gnu-tools-for-stm32.9-2020-q2-update.win32_2.0.0.202105311346/tools/bin/../lib/gcc/arm-none-eabi/9.3.1/../../../../arm-none-eabi/lib/thumb/v7-m/nofp\libc_nano.a(lib_a-nano-mallocr.o)
 .ARM.attributes
                0x00000000000005b1       0x2d d:/stm32cubeide_1.7.0/stm32cubeide/plugins/com.st.stm32cube.ide.mcu.externaltools.gnu-tools-for-stm32.9-2020-q2-update.win32_2.0.0.202105311346/tools/bin/../lib/gcc/arm-none-eabi/9.3.1/../../../../arm-none-eabi/lib/thumb/v7-m/nofp\libc_nano.a(lib_a-sbrkr.o)
 .ARM.attributes
                0x00000000000005de       0x2d d:/stm32cubeide_1.7.0/stm32cubeide/plugins/com.st.stm32cube.ide.mcu.externaltools.gnu-tools-for-stm32.9-2020-q2-update.win32_2.0.0.202105311346/tools/bin/../lib/gcc/arm-none-eabi/9.3.1/../../../../arm-none-eabi/lib/thumb/v7-m/nofp\libc_nano.a(lib_a-sprintf.o)
 .ARM.attributes
                0x000000000000060b       0x17 d:/stm32cubeide_1.7.0/stm32cubeide/plugins/com.st.stm32cube.ide.mcu.externaltools.gnu-tools-for-stm32.9-2020-q2-update.win32_2.0.0.202105311346/tools/bin/../lib/gcc/arm-none-eabi/9.3.1/../../../../arm-none-eabi/lib/thumb/v7-m/nofp\libc_nano.a(lib_a-strlen.o)
 .ARM.attributes
                0x0000000000000622       0x2d d:/stm32cubeide_1.7.0/stm32cubeide/plugins/com.st.stm32cube.ide.mcu.externaltools.gnu-tools-for-stm32.9-2020-q2-update.win32_2.0.0.202105311346/tools/bin/../lib/gcc/arm-none-eabi/9.3.1/../../../../arm-none-eabi/lib/thumb/v7-m/nofp\libc_nano.a(lib_a-mlock.o)
 .ARM.attributes
                0x000000000000064f       0x2d d:/stm32cubeide_1.7.0/stm32cubeide/plugins/com.st.stm32cube.ide.mcu.externaltools.gnu-tools-for-stm32.9-2020-q2-update.win32_2.0.0.202105311346/tools/bin/../lib/gcc/arm-none-eabi/9.3.1/../../../../arm-none-eabi/lib/thumb/v7-m/nofp\libc_nano.a(lib_a-nano-svfprintf.o)
 .ARM.attributes
                0x000000000000067c       0x2d d:/stm32cubeide_1.7.0/stm32cubeide/plugins/com.st.stm32cube.ide.mcu.externaltools.gnu-tools-for-stm32.9-2020-q2-update.win32_2.0.0.202105311346/tools/bin/../lib/gcc/arm-none-eabi/9.3.1/../../../../arm-none-eabi/lib/thumb/v7-m/nofp\libc_nano.a(lib_a-nano-vfprintf_i.o)
 .ARM.attributes
                0x00000000000006a9       0x2d d:/stm32cubeide_1.7.0/stm32cubeide/plugins/com.st.stm32cube.ide.mcu.externaltools.gnu-tools-for-stm32.9-2020-q2-update.win32_2.0.0.202105311346/tools/bin/../lib/gcc/arm-none-eabi/9.3.1/../../../../arm-none-eabi/lib/thumb/v7-m/nofp\libc_nano.a(lib_a-reent.o)
 .ARM.attributes
                0x00000000000006d6       0x2d d:/stm32cubeide_1.7.0/stm32cubeide/plugins/com.st.stm32cube.ide.mcu.externaltools.gnu-tools-for-stm32.9-2020-q2-update.win32_2.0.0.202105311346/tools/bin/../lib/gcc/arm-none-eabi/9.3.1/../../../../arm-none-eabi/lib/thumb/v7-m/nofp\libc_nano.a(lib_a-lock.o)
 .ARM.attributes
                0x0000000000000703       0x2d d:/stm32cubeide_1.7.0/stm32cubeide/plugins/com.st.stm32cube.ide.mcu.externaltools.gnu-tools-for-stm32.9-2020-q2-update.win32_2.0.0.202105311346/tools/bin/../lib/gcc/arm-none-eabi/9.3.1/../../../../arm-none-eabi/lib/thumb/v7-m/nofp\libc_nano.a(lib_a-memchr-stub.o)
 .ARM.attributes
                0x0000000000000730       0x2d d:/stm32cubeide_1.7.0/stm32cubeide/plugins/com.st.stm32cube.ide.mcu.externaltools.gnu-tools-for-stm32.9-2020-q2-update.win32_2.0.0.202105311346/tools/bin/../lib/gcc/arm-none-eabi/9.3.1/../../../../arm-none-eabi/lib/thumb/v7-m/nofp\libc_nano.a(lib_a-memcpy-stub.o)
 .ARM.attributes
                0x000000000000075d       0x2d d:/stm32cubeide_1.7.0/stm32cubeide/plugins/com.st.stm32cube.ide.mcu.externaltools.gnu-tools-for-stm32.9-2020-q2-update.win32_2.0.0.202105311346/tools/bin/../lib/gcc/arm-none-eabi/9.3.1/../../../../arm-none-eabi/lib/thumb/v7-m/nofp\libc_nano.a(lib_a-memmove.o)
 .ARM.attributes
                0x000000000000078a       0x2d d:/stm32cubeide_1.7.0/stm32cubeide/plugins/com.st.stm32cube.ide.mcu.externaltools.gnu-tools-for-stm32.9-2020-q2-update.win32_2.0.0.202105311346/tools/bin/../lib/gcc/arm-none-eabi/9.3.1/../../../../arm-none-eabi/lib/thumb/v7-m/nofp\libc_nano.a(lib_a-nano-reallocr.o)
 .ARM.attributes
                0x00000000000007b7       0x2d d:/stm32cubeide_1.7.0/stm32cubeide/plugins/com.st.stm32cube.ide.mcu.externaltools.gnu-tools-for-stm32.9-2020-q2-update.win32_2.0.0.202105311346/tools/bin/../lib/gcc/arm-none-eabi/9.3.1/../../../../arm-none-eabi/lib/thumb/v7-m/nofp\libc_nano.a(lib_a-nano-msizer.o)
 .ARM.attributes
                0x00000000000007e4       0x1d d:/stm32cubeide_1.7.0/stm32cubeide/plugins/com.st.stm32cube.ide.mcu.externaltools.gnu-tools-for-stm32.9-2020-q2-update.win32_2.0.0.202105311346/tools/bin/../lib/gcc/arm-none-eabi/9.3.1/thumb/v7-m/nofp/crtn.o
OUTPUT(MR_VXL.elf elf32-littlearm)
LOAD linker stubs
LOAD d:/stm32cubeide_1.7.0/stm32cubeide/plugins/com.st.stm32cube.ide.mcu.externaltools.gnu-tools-for-stm32.9-2020-q2-update.win32_2.0.0.202105311346/tools/bin/../lib/gcc/arm-none-eabi/9.3.1/../../../../arm-none-eabi/lib/thumb/v7-m/nofp\libc.a
LOAD d:/stm32cubeide_1.7.0/stm32cubeide/plugins/com.st.stm32cube.ide.mcu.externaltools.gnu-tools-for-stm32.9-2020-q2-update.win32_2.0.0.202105311346/tools/bin/../lib/gcc/arm-none-eabi/9.3.1/../../../../arm-none-eabi/lib/thumb/v7-m/nofp\libm.a
LOAD d:/stm32cubeide_1.7.0/stm32cubeide/plugins/com.st.stm32cube.ide.mcu.externaltools.gnu-tools-for-stm32.9-2020-q2-update.win32_2.0.0.202105311346/tools/bin/../lib/gcc/arm-none-eabi/9.3.1/thumb/v7-m/nofp\libgcc.a

.debug_info     0x0000000000000000    0x1571b
 .debug_info    0x0000000000000000      0xbc4 ./Core/Src/LCD_display.o
 .debug_info    0x0000000000000bc4      0xbd5 ./Core/Src/LED_display.o
 .debug_info    0x0000000000001799      0xbb1 ./Core/Src/fsm_auto_mode.o
 .debug_info    0x000000000000234a      0xb64 ./Core/Src/fsm_config_mode.o
 .debug_info    0x0000000000002eae      0xb15 ./Core/Src/fsm_control_mode.o
 .debug_info    0x00000000000039c3      0xb05 ./Core/Src/fsm_manual_mode.o
 .debug_info    0x00000000000044c8      0xaf5 ./Core/Src/fsm_reset_mode.o
 .debug_info    0x0000000000004fbd      0x7d7 ./Core/Src/i2c_lcd.o
 .debug_info    0x0000000000005794      0xc1f ./Core/Src/input_processing.o
 .debug_info    0x00000000000063b3      0xcb3 ./Core/Src/input_reading.o
 .debug_info    0x0000000000007066     0x17d2 ./Core/Src/main.o
 .debug_info    0x0000000000008838      0xd1f ./Core/Src/scheduler.o
 .debug_info    0x0000000000009557     0x178c ./Core/Src/stm32f1xx_hal_msp.o
 .debug_info    0x000000000000ace3     0x10dd ./Core/Src/stm32f1xx_it.o
 .debug_info    0x000000000000bdc0      0xa25 ./Core/Src/sysmem.o
 .debug_info    0x000000000000c7e5      0x2be ./Core/Src/system_stm32f1xx.o
 .debug_info    0x000000000000caa3       0x22 ./Core/Startup/startup_stm32f103rbtx.o
 .debug_info    0x000000000000cac5      0x76a ./Drivers/STM32F1xx_HAL_Driver/Src/stm32f1xx_hal.o
 .debug_info    0x000000000000d22f      0xbdc ./Drivers/STM32F1xx_HAL_Driver/Src/stm32f1xx_hal_cortex.o
 .debug_info    0x000000000000de0b      0x701 ./Drivers/STM32F1xx_HAL_Driver/Src/stm32f1xx_hal_gpio.o
 .debug_info    0x000000000000e50c     0x27cb ./Drivers/STM32F1xx_HAL_Driver/Src/stm32f1xx_hal_i2c.o
 .debug_info    0x0000000000010cd7      0x893 ./Drivers/STM32F1xx_HAL_Driver/Src/stm32f1xx_hal_rcc.o
 .debug_info    0x000000000001156a     0x2c32 ./Drivers/STM32F1xx_HAL_Driver/Src/stm32f1xx_hal_tim.o
 .debug_info    0x000000000001419c     0x157f ./Drivers/STM32F1xx_HAL_Driver/Src/stm32f1xx_hal_tim_ex.o

.debug_abbrev   0x0000000000000000     0x32a3
 .debug_abbrev  0x0000000000000000      0x21b ./Core/Src/LCD_display.o
 .debug_abbrev  0x000000000000021b      0x220 ./Core/Src/LED_display.o
 .debug_abbrev  0x000000000000043b      0x1fd ./Core/Src/fsm_auto_mode.o
 .debug_abbrev  0x0000000000000638      0x260 ./Core/Src/fsm_config_mode.o
 .debug_abbrev  0x0000000000000898      0x1ff ./Core/Src/fsm_control_mode.o
 .debug_abbrev  0x0000000000000a97      0x1f0 ./Core/Src/fsm_manual_mode.o
 .debug_abbrev  0x0000000000000c87      0x1dd ./Core/Src/fsm_reset_mode.o
 .debug_abbrev  0x0000000000000e64      0x1b2 ./Core/Src/i2c_lcd.o
 .debug_abbrev  0x0000000000001016      0x299 ./Core/Src/input_processing.o
 .debug_abbrev  0x00000000000012af      0x246 ./Core/Src/input_reading.o
 .debug_abbrev  0x00000000000014f5      0x322 ./Core/Src/main.o
 .debug_abbrev  0x0000000000001817      0x279 ./Core/Src/scheduler.o
 .debug_abbrev  0x0000000000001a90      0x247 ./Core/Src/stm32f1xx_hal_msp.o
 .debug_abbrev  0x0000000000001cd7      0x206 ./Core/Src/stm32f1xx_it.o
 .debug_abbrev  0x0000000000001edd      0x1bf ./Core/Src/sysmem.o
 .debug_abbrev  0x000000000000209c      0x14e ./Core/Src/system_stm32f1xx.o
 .debug_abbrev  0x00000000000021ea       0x12 ./Core/Startup/startup_stm32f103rbtx.o
 .debug_abbrev  0x00000000000021fc      0x1ed ./Drivers/STM32F1xx_HAL_Driver/Src/stm32f1xx_hal.o
 .debug_abbrev  0x00000000000023e9      0x313 ./Drivers/STM32F1xx_HAL_Driver/Src/stm32f1xx_hal_cortex.o
 .debug_abbrev  0x00000000000026fc      0x1e8 ./Drivers/STM32F1xx_HAL_Driver/Src/stm32f1xx_hal_gpio.o
 .debug_abbrev  0x00000000000028e4      0x288 ./Drivers/STM32F1xx_HAL_Driver/Src/stm32f1xx_hal_i2c.o
 .debug_abbrev  0x0000000000002b6c      0x273 ./Drivers/STM32F1xx_HAL_Driver/Src/stm32f1xx_hal_rcc.o
 .debug_abbrev  0x0000000000002ddf      0x25e ./Drivers/STM32F1xx_HAL_Driver/Src/stm32f1xx_hal_tim.o
 .debug_abbrev  0x000000000000303d      0x266 ./Drivers/STM32F1xx_HAL_Driver/Src/stm32f1xx_hal_tim_ex.o

.debug_aranges  0x0000000000000000      0xe20
 .debug_aranges
                0x0000000000000000       0x28 ./Core/Src/LCD_display.o
 .debug_aranges
                0x0000000000000028       0x38 ./Core/Src/LED_display.o
 .debug_aranges
                0x0000000000000060       0x20 ./Core/Src/fsm_auto_mode.o
 .debug_aranges
                0x0000000000000080       0x28 ./Core/Src/fsm_config_mode.o
 .debug_aranges
                0x00000000000000a8       0x20 ./Core/Src/fsm_control_mode.o
 .debug_aranges
                0x00000000000000c8       0x20 ./Core/Src/fsm_manual_mode.o
 .debug_aranges
                0x00000000000000e8       0x20 ./Core/Src/fsm_reset_mode.o
 .debug_aranges
                0x0000000000000108       0x48 ./Core/Src/i2c_lcd.o
 .debug_aranges
                0x0000000000000150       0x38 ./Core/Src/input_processing.o
 .debug_aranges
                0x0000000000000188       0x30 ./Core/Src/input_reading.o
 .debug_aranges
                0x00000000000001b8       0x58 ./Core/Src/main.o
 .debug_aranges
                0x0000000000000210       0x50 ./Core/Src/scheduler.o
 .debug_aranges
                0x0000000000000260       0x40 ./Core/Src/stm32f1xx_hal_msp.o
 .debug_aranges
                0x00000000000002a0       0x68 ./Core/Src/stm32f1xx_it.o
 .debug_aranges
                0x0000000000000308       0x20 ./Core/Src/sysmem.o
 .debug_aranges
                0x0000000000000328       0x28 ./Core/Src/system_stm32f1xx.o
 .debug_aranges
                0x0000000000000350       0x28 ./Core/Startup/startup_stm32f103rbtx.o
 .debug_aranges
                0x0000000000000378       0xe0 ./Drivers/STM32F1xx_HAL_Driver/Src/stm32f1xx_hal.o
 .debug_aranges
                0x0000000000000458      0x100 ./Drivers/STM32F1xx_HAL_Driver/Src/stm32f1xx_hal_cortex.o
 .debug_aranges
                0x0000000000000558       0x58 ./Drivers/STM32F1xx_HAL_Driver/Src/stm32f1xx_hal_gpio.o
 .debug_aranges
                0x00000000000005b0      0x2a8 ./Drivers/STM32F1xx_HAL_Driver/Src/stm32f1xx_hal_i2c.o
 .debug_aranges
                0x0000000000000858       0x90 ./Drivers/STM32F1xx_HAL_Driver/Src/stm32f1xx_hal_rcc.o
 .debug_aranges
                0x00000000000008e8      0x3d0 ./Drivers/STM32F1xx_HAL_Driver/Src/stm32f1xx_hal_tim.o
 .debug_aranges
                0x0000000000000cb8      0x168 ./Drivers/STM32F1xx_HAL_Driver/Src/stm32f1xx_hal_tim_ex.o

.debug_ranges   0x0000000000000000      0xcf0
 .debug_ranges  0x0000000000000000       0x18 ./Core/Src/LCD_display.o
 .debug_ranges  0x0000000000000018       0x28 ./Core/Src/LED_display.o
 .debug_ranges  0x0000000000000040       0x10 ./Core/Src/fsm_auto_mode.o
 .debug_ranges  0x0000000000000050       0x18 ./Core/Src/fsm_config_mode.o
 .debug_ranges  0x0000000000000068       0x10 ./Core/Src/fsm_control_mode.o
 .debug_ranges  0x0000000000000078       0x10 ./Core/Src/fsm_manual_mode.o
 .debug_ranges  0x0000000000000088       0x10 ./Core/Src/fsm_reset_mode.o
 .debug_ranges  0x0000000000000098       0x38 ./Core/Src/i2c_lcd.o
 .debug_ranges  0x00000000000000d0       0x58 ./Core/Src/input_processing.o
 .debug_ranges  0x0000000000000128       0x20 ./Core/Src/input_reading.o
 .debug_ranges  0x0000000000000148       0x48 ./Core/Src/main.o
 .debug_ranges  0x0000000000000190       0x40 ./Core/Src/scheduler.o
 .debug_ranges  0x00000000000001d0       0x30 ./Core/Src/stm32f1xx_hal_msp.o
 .debug_ranges  0x0000000000000200       0x58 ./Core/Src/stm32f1xx_it.o
 .debug_ranges  0x0000000000000258       0x10 ./Core/Src/sysmem.o
 .debug_ranges  0x0000000000000268       0x18 ./Core/Src/system_stm32f1xx.o
 .debug_ranges  0x0000000000000280       0x20 ./Core/Startup/startup_stm32f103rbtx.o
 .debug_ranges  0x00000000000002a0       0xd0 ./Drivers/STM32F1xx_HAL_Driver/Src/stm32f1xx_hal.o
 .debug_ranges  0x0000000000000370       0xf0 ./Drivers/STM32F1xx_HAL_Driver/Src/stm32f1xx_hal_cortex.o
 .debug_ranges  0x0000000000000460       0x48 ./Drivers/STM32F1xx_HAL_Driver/Src/stm32f1xx_hal_gpio.o
 .debug_ranges  0x00000000000004a8      0x2b0 ./Drivers/STM32F1xx_HAL_Driver/Src/stm32f1xx_hal_i2c.o
 .debug_ranges  0x0000000000000758       0x80 ./Drivers/STM32F1xx_HAL_Driver/Src/stm32f1xx_hal_rcc.o
 .debug_ranges  0x00000000000007d8      0x3c0 ./Drivers/STM32F1xx_HAL_Driver/Src/stm32f1xx_hal_tim.o
 .debug_ranges  0x0000000000000b98      0x158 ./Drivers/STM32F1xx_HAL_Driver/Src/stm32f1xx_hal_tim_ex.o

.debug_macro    0x0000000000000000    0x1a928
 .debug_macro   0x0000000000000000      0x3e6 ./Core/Src/LCD_display.o
 .debug_macro   0x00000000000003e6      0xa9c ./Core/Src/LCD_display.o
 .debug_macro   0x0000000000000e82      0x21b ./Core/Src/LCD_display.o
 .debug_macro   0x000000000000109d       0x2e ./Core/Src/LCD_display.o
 .debug_macro   0x00000000000010cb       0x22 ./Core/Src/LCD_display.o
 .debug_macro   0x00000000000010ed       0x22 ./Core/Src/LCD_display.o
 .debug_macro   0x000000000000110f       0x8e ./Core/Src/LCD_display.o
 .debug_macro   0x000000000000119d       0x51 ./Core/Src/LCD_display.o
 .debug_macro   0x00000000000011ee      0x103 ./Core/Src/LCD_display.o
 .debug_macro   0x00000000000012f1       0x6a ./Core/Src/LCD_display.o
 .debug_macro   0x000000000000135b      0x1df ./Core/Src/LCD_display.o
 .debug_macro   0x000000000000153a       0x1c ./Core/Src/LCD_display.o
 .debug_macro   0x0000000000001556       0x22 ./Core/Src/LCD_display.o
 .debug_macro   0x0000000000001578       0xc3 ./Core/Src/LCD_display.o
 .debug_macro   0x000000000000163b      0xd23 ./Core/Src/LCD_display.o
 .debug_macro   0x000000000000235e     0xe09e ./Core/Src/LCD_display.o
 .debug_macro   0x00000000000103fc       0x6d ./Core/Src/LCD_display.o
 .debug_macro   0x0000000000010469     0x34a2 ./Core/Src/LCD_display.o
 .debug_macro   0x000000000001390b      0x174 ./Core/Src/LCD_display.o
 .debug_macro   0x0000000000013a7f       0x5c ./Core/Src/LCD_display.o
 .debug_macro   0x0000000000013adb      0x5bc ./Core/Src/LCD_display.o
 .debug_macro   0x0000000000014097      0x289 ./Core/Src/LCD_display.o
 .debug_macro   0x0000000000014320      0x1cb ./Core/Src/LCD_display.o
 .debug_macro   0x00000000000144eb      0x114 ./Core/Src/LCD_display.o
 .debug_macro   0x00000000000145ff      0x1b2 ./Core/Src/LCD_display.o
 .debug_macro   0x00000000000147b1       0x27 ./Core/Src/LCD_display.o
 .debug_macro   0x00000000000147d8      0x136 ./Core/Src/LCD_display.o
 .debug_macro   0x000000000001490e      0x1bc ./Core/Src/LCD_display.o
 .debug_macro   0x0000000000014aca       0x34 ./Core/Src/LCD_display.o
 .debug_macro   0x0000000000014afe       0x3c ./Core/Src/LCD_display.o
 .debug_macro   0x0000000000014b3a       0x57 ./Core/Src/LCD_display.o
 .debug_macro   0x0000000000014b91       0x87 ./Core/Src/LCD_display.o
 .debug_macro   0x0000000000014c18      0x240 ./Core/Src/LCD_display.o
 .debug_macro   0x0000000000014e58      0x287 ./Core/Src/LCD_display.o
 .debug_macro   0x00000000000150df      0x140 ./Core/Src/LCD_display.o
 .debug_macro   0x000000000001521f      0x8ed ./Core/Src/LCD_display.o
 .debug_macro   0x0000000000015b0c       0x83 ./Core/Src/LCD_display.o
 .debug_macro   0x0000000000015b8f       0x52 ./Core/Src/LCD_display.o
 .debug_macro   0x0000000000015be1       0x18 ./Core/Src/LCD_display.o
 .debug_macro   0x0000000000015bf9       0x3c ./Core/Src/LCD_display.o
 .debug_macro   0x0000000000015c35       0x34 ./Core/Src/LCD_display.o
 .debug_macro   0x0000000000015c69       0x16 ./Core/Src/LCD_display.o
 .debug_macro   0x0000000000015c7f       0x43 ./Core/Src/LCD_display.o
 .debug_macro   0x0000000000015cc2       0x34 ./Core/Src/LCD_display.o
 .debug_macro   0x0000000000015cf6       0x10 ./Core/Src/LCD_display.o
 .debug_macro   0x0000000000015d06       0x58 ./Core/Src/LCD_display.o
 .debug_macro   0x0000000000015d5e       0x71 ./Core/Src/LCD_display.o
 .debug_macro   0x0000000000015dcf       0x1c ./Core/Src/LCD_display.o
 .debug_macro   0x0000000000015deb      0x12a ./Core/Src/LCD_display.o
 .debug_macro   0x0000000000015f15      0x333 ./Core/Src/LCD_display.o
 .debug_macro   0x0000000000016248       0x10 ./Core/Src/LCD_display.o
 .debug_macro   0x0000000000016258       0x35 ./Core/Src/LCD_display.o
 .debug_macro   0x000000000001628d       0x20 ./Core/Src/LCD_display.o
 .debug_macro   0x00000000000162ad       0x16 ./Core/Src/LCD_display.o
 .debug_macro   0x00000000000162c3       0x16 ./Core/Src/LCD_display.o
 .debug_macro   0x00000000000162d9       0x29 ./Core/Src/LCD_display.o
 .debug_macro   0x0000000000016302       0x1c ./Core/Src/LCD_display.o
 .debug_macro   0x000000000001631e       0x10 ./Core/Src/LCD_display.o
 .debug_macro   0x000000000001632e       0x10 ./Core/Src/LCD_display.o
 .debug_macro   0x000000000001633e       0x1c ./Core/Src/LCD_display.o
 .debug_macro   0x000000000001635a       0x52 ./Core/Src/LCD_display.o
 .debug_macro   0x00000000000163ac       0x22 ./Core/Src/LCD_display.o
 .debug_macro   0x00000000000163ce       0x10 ./Core/Src/LCD_display.o
 .debug_macro   0x00000000000163de       0x40 ./Core/Src/LCD_display.o
 .debug_macro   0x000000000001641e       0xd5 ./Core/Src/LCD_display.o
 .debug_macro   0x00000000000164f3       0x1c ./Core/Src/LCD_display.o
 .debug_macro   0x000000000001650f       0x3d ./Core/Src/LCD_display.o
 .debug_macro   0x000000000001654c       0x16 ./Core/Src/LCD_display.o
 .debug_macro   0x0000000000016562      0x145 ./Core/Src/LCD_display.o
 .debug_macro   0x00000000000166a7       0x1c ./Core/Src/LCD_display.o
 .debug_macro   0x00000000000166c3       0x64 ./Core/Src/LCD_display.o
 .debug_macro   0x0000000000016727      0x3e6 ./Core/Src/LED_display.o
 .debug_macro   0x0000000000016b0d      0x3ea ./Core/Src/fsm_auto_mode.o
 .debug_macro   0x0000000000016ef7      0x3ea ./Core/Src/fsm_config_mode.o
 .debug_macro   0x00000000000172e1      0x3e6 ./Core/Src/fsm_control_mode.o
 .debug_macro   0x00000000000176c7      0x3ea ./Core/Src/fsm_manual_mode.o
 .debug_macro   0x0000000000017ab1      0x3e6 ./Core/Src/fsm_reset_mode.o
 .debug_macro   0x0000000000017e97      0x1b3 ./Core/Src/i2c_lcd.o
 .debug_macro   0x000000000001804a      0x3f8 ./Core/Src/input_processing.o
 .debug_macro   0x0000000000018442      0x3fe ./Core/Src/input_reading.o
 .debug_macro   0x0000000000018840      0x3e6 ./Core/Src/main.o
 .debug_macro   0x0000000000018c26      0x3ea ./Core/Src/scheduler.o
 .debug_macro   0x0000000000019010      0x3e6 ./Core/Src/stm32f1xx_hal_msp.o
 .debug_macro   0x00000000000193f6      0x3f0 ./Core/Src/stm32f1xx_it.o
 .debug_macro   0x00000000000197e6       0xff ./Core/Src/sysmem.o
 .debug_macro   0x00000000000198e5      0x23b ./Core/Src/sysmem.o
 .debug_macro   0x0000000000019b20      0x1a3 ./Core/Src/system_stm32f1xx.o
 .debug_macro   0x0000000000019cc3      0x1c7 ./Drivers/STM32F1xx_HAL_Driver/Src/stm32f1xx_hal.o
 .debug_macro   0x0000000000019e8a      0x1a3 ./Drivers/STM32F1xx_HAL_Driver/Src/stm32f1xx_hal_cortex.o
 .debug_macro   0x000000000001a02d      0x20e ./Drivers/STM32F1xx_HAL_Driver/Src/stm32f1xx_hal_gpio.o
 .debug_macro   0x000000000001a23b      0x1f1 ./Drivers/STM32F1xx_HAL_Driver/Src/stm32f1xx_hal_i2c.o
 .debug_macro   0x000000000001a42c      0x1b5 ./Drivers/STM32F1xx_HAL_Driver/Src/stm32f1xx_hal_rcc.o
 .debug_macro   0x000000000001a5e1      0x1a4 ./Drivers/STM32F1xx_HAL_Driver/Src/stm32f1xx_hal_tim.o
 .debug_macro   0x000000000001a785      0x1a3 ./Drivers/STM32F1xx_HAL_Driver/Src/stm32f1xx_hal_tim_ex.o

.debug_line     0x0000000000000000    0x14a2b
 .debug_line    0x0000000000000000      0x9c8 ./Core/Src/LCD_display.o
 .debug_line    0x00000000000009c8      0x9db ./Core/Src/LED_display.o
 .debug_line    0x00000000000013a3      0xa06 ./Core/Src/fsm_auto_mode.o
 .debug_line    0x0000000000001da9      0xade ./Core/Src/fsm_config_mode.o
 .debug_line    0x0000000000002887      0x9c5 ./Core/Src/fsm_control_mode.o
 .debug_line    0x000000000000324c      0x9bb ./Core/Src/fsm_manual_mode.o
 .debug_line    0x0000000000003c07      0x974 ./Core/Src/fsm_reset_mode.o
 .debug_line    0x000000000000457b      0x733 ./Core/Src/i2c_lcd.o
 .debug_line    0x0000000000004cae      0xa6a ./Core/Src/input_processing.o
 .debug_line    0x0000000000005718      0xa3c ./Core/Src/input_reading.o
 .debug_line    0x0000000000006154      0xb02 ./Core/Src/main.o
 .debug_line    0x0000000000006c56      0xb73 ./Core/Src/scheduler.o
 .debug_line    0x00000000000077c9      0x9f9 ./Core/Src/stm32f1xx_hal_msp.o
 .debug_line    0x00000000000081c2      0xa4c ./Core/Src/stm32f1xx_it.o
 .debug_line    0x0000000000008c0e      0x4e9 ./Core/Src/sysmem.o
 .debug_line    0x00000000000090f7      0x6ee ./Core/Src/system_stm32f1xx.o
 .debug_line    0x00000000000097e5       0x86 ./Core/Startup/startup_stm32f103rbtx.o
 .debug_line    0x000000000000986b      0x91b ./Drivers/STM32F1xx_HAL_Driver/Src/stm32f1xx_hal.o
 .debug_line    0x000000000000a186      0xb03 ./Drivers/STM32F1xx_HAL_Driver/Src/stm32f1xx_hal_cortex.o
 .debug_line    0x000000000000ac89      0x9b4 ./Drivers/STM32F1xx_HAL_Driver/Src/stm32f1xx_hal_gpio.o
 .debug_line    0x000000000000b63d     0x3ab1 ./Drivers/STM32F1xx_HAL_Driver/Src/stm32f1xx_hal_i2c.o
 .debug_line    0x000000000000f0ee      0xd27 ./Drivers/STM32F1xx_HAL_Driver/Src/stm32f1xx_hal_rcc.o
 .debug_line    0x000000000000fe15     0x33b5 ./Drivers/STM32F1xx_HAL_Driver/Src/stm32f1xx_hal_tim.o
 .debug_line    0x00000000000131ca     0x1861 ./Drivers/STM32F1xx_HAL_Driver/Src/stm32f1xx_hal_tim_ex.o

.debug_str      0x0000000000000000    0x8b84c
 .debug_str     0x0000000000000000    0x874c5 ./Core/Src/LCD_display.o
                                      0x878a2 (size before relaxing)
 .debug_str     0x00000000000874c5       0x72 ./Core/Src/LED_display.o
                                      0x878a4 (size before relaxing)
 .debug_str     0x0000000000087537       0xbd ./Core/Src/fsm_auto_mode.o
                                      0x878da (size before relaxing)
 .debug_str     0x00000000000875f4       0x3d ./Core/Src/fsm_config_mode.o
                                      0x878e2 (size before relaxing)
 .debug_str     0x0000000000087631       0x35 ./Core/Src/fsm_control_mode.o
                                      0x878c2 (size before relaxing)
 .debug_str     0x0000000000087666       0x29 ./Core/Src/fsm_manual_mode.o
                                      0x878b6 (size before relaxing)
 .debug_str     0x000000000008768f       0x27 ./Core/Src/fsm_reset_mode.o
                                      0x878b4 (size before relaxing)
 .debug_str     0x00000000000876b6      0x48e ./Core/Src/i2c_lcd.o
                                      0x8385b (size before relaxing)
 .debug_str     0x0000000000087b44      0x136 ./Core/Src/input_processing.o
                                      0x87964 (size before relaxing)
 .debug_str     0x0000000000087c7a      0x147 ./Core/Src/input_reading.o
                                      0x879d3 (size before relaxing)
 .debug_str     0x0000000000087dc1      0x54d ./Core/Src/main.o
                                      0x8829e (size before relaxing)
 .debug_str     0x000000000008830e      0x22c ./Core/Src/scheduler.o
                                      0x87a72 (size before relaxing)
 .debug_str     0x000000000008853a      0x31b ./Core/Src/stm32f1xx_hal_msp.o
                                      0x88373 (size before relaxing)
 .debug_str     0x0000000000088855       0xcd ./Core/Src/stm32f1xx_it.o
                                      0x87d9e (size before relaxing)
 .debug_str     0x0000000000088922      0x4e9 ./Core/Src/sysmem.o
                                       0x6232 (size before relaxing)
 .debug_str     0x0000000000088e0b       0x52 ./Core/Src/system_stm32f1xx.o
                                      0x833c9 (size before relaxing)
 .debug_str     0x0000000000088e5d       0x36 ./Core/Startup/startup_stm32f103rbtx.o
                                         0x46 (size before relaxing)
 .debug_str     0x0000000000088e93      0x304 ./Drivers/STM32F1xx_HAL_Driver/Src/stm32f1xx_hal.o
                                      0x83a5a (size before relaxing)
 .debug_str     0x0000000000089197      0x300 ./Drivers/STM32F1xx_HAL_Driver/Src/stm32f1xx_hal_cortex.o
                                      0x83a62 (size before relaxing)
 .debug_str     0x0000000000089497      0x311 ./Drivers/STM32F1xx_HAL_Driver/Src/stm32f1xx_hal_gpio.o
                                      0x8378d (size before relaxing)
 .debug_str     0x00000000000897a8      0xb9a ./Drivers/STM32F1xx_HAL_Driver/Src/stm32f1xx_hal_i2c.o
                                      0x84458 (size before relaxing)
 .debug_str     0x000000000008a342      0x244 ./Drivers/STM32F1xx_HAL_Driver/Src/stm32f1xx_hal_rcc.o
                                      0x837c6 (size before relaxing)
 .debug_str     0x000000000008a586      0xdd8 ./Drivers/STM32F1xx_HAL_Driver/Src/stm32f1xx_hal_tim.o
                                      0x847af (size before relaxing)
 .debug_str     0x000000000008b35e      0x4ee ./Drivers/STM32F1xx_HAL_Driver/Src/stm32f1xx_hal_tim_ex.o
                                      0x83f50 (size before relaxing)

.comment        0x0000000000000000       0x53
 .comment       0x0000000000000000       0x53 ./Core/Src/LCD_display.o
                                         0x54 (size before relaxing)
 .comment       0x0000000000000053       0x54 ./Core/Src/LED_display.o
 .comment       0x0000000000000053       0x54 ./Core/Src/fsm_auto_mode.o
 .comment       0x0000000000000053       0x54 ./Core/Src/fsm_config_mode.o
 .comment       0x0000000000000053       0x54 ./Core/Src/fsm_control_mode.o
 .comment       0x0000000000000053       0x54 ./Core/Src/fsm_manual_mode.o
 .comment       0x0000000000000053       0x54 ./Core/Src/fsm_reset_mode.o
 .comment       0x0000000000000053       0x54 ./Core/Src/i2c_lcd.o
 .comment       0x0000000000000053       0x54 ./Core/Src/input_processing.o
 .comment       0x0000000000000053       0x54 ./Core/Src/input_reading.o
 .comment       0x0000000000000053       0x54 ./Core/Src/main.o
 .comment       0x0000000000000053       0x54 ./Core/Src/scheduler.o
 .comment       0x0000000000000053       0x54 ./Core/Src/stm32f1xx_hal_msp.o
 .comment       0x0000000000000053       0x54 ./Core/Src/stm32f1xx_it.o
 .comment       0x0000000000000053       0x54 ./Core/Src/sysmem.o
 .comment       0x0000000000000053       0x54 ./Core/Src/system_stm32f1xx.o
 .comment       0x0000000000000053       0x54 ./Drivers/STM32F1xx_HAL_Driver/Src/stm32f1xx_hal.o
 .comment       0x0000000000000053       0x54 ./Drivers/STM32F1xx_HAL_Driver/Src/stm32f1xx_hal_cortex.o
 .comment       0x0000000000000053       0x54 ./Drivers/STM32F1xx_HAL_Driver/Src/stm32f1xx_hal_gpio.o
 .comment       0x0000000000000053       0x54 ./Drivers/STM32F1xx_HAL_Driver/Src/stm32f1xx_hal_i2c.o
 .comment       0x0000000000000053       0x54 ./Drivers/STM32F1xx_HAL_Driver/Src/stm32f1xx_hal_rcc.o
 .comment       0x0000000000000053       0x54 ./Drivers/STM32F1xx_HAL_Driver/Src/stm32f1xx_hal_tim.o
 .comment       0x0000000000000053       0x54 ./Drivers/STM32F1xx_HAL_Driver/Src/stm32f1xx_hal_tim_ex.o

.debug_frame    0x0000000000000000     0x3c48
 .debug_frame   0x0000000000000000       0x60 ./Core/Src/LCD_display.o
 .debug_frame   0x0000000000000060       0x90 ./Core/Src/LED_display.o
 .debug_frame   0x00000000000000f0       0x34 ./Core/Src/fsm_auto_mode.o
 .debug_frame   0x0000000000000124       0x48 ./Core/Src/fsm_config_mode.o
 .debug_frame   0x000000000000016c       0x2c ./Core/Src/fsm_control_mode.o
 .debug_frame   0x0000000000000198       0x2c ./Core/Src/fsm_manual_mode.o
 .debug_frame   0x00000000000001c4       0x2c ./Core/Src/fsm_reset_mode.o
 .debug_frame   0x00000000000001f0       0xd8 ./Core/Src/i2c_lcd.o
 .debug_frame   0x00000000000002c8       0xa8 ./Core/Src/input_processing.o
 .debug_frame   0x0000000000000370       0x88 ./Core/Src/input_reading.o
 .debug_frame   0x00000000000003f8      0x10c ./Core/Src/main.o
 .debug_frame   0x0000000000000504      0x100 ./Core/Src/scheduler.o
 .debug_frame   0x0000000000000604       0xc8 ./Core/Src/stm32f1xx_hal_msp.o
 .debug_frame   0x00000000000006cc      0x120 ./Core/Src/stm32f1xx_it.o
 .debug_frame   0x00000000000007ec       0x34 ./Core/Src/sysmem.o
 .debug_frame   0x0000000000000820       0x58 ./Core/Src/system_stm32f1xx.o
 .debug_frame   0x0000000000000878      0x334 ./Drivers/STM32F1xx_HAL_Driver/Src/stm32f1xx_hal.o
 .debug_frame   0x0000000000000bac      0x428 ./Drivers/STM32F1xx_HAL_Driver/Src/stm32f1xx_hal_cortex.o
 .debug_frame   0x0000000000000fd4      0x14c ./Drivers/STM32F1xx_HAL_Driver/Src/stm32f1xx_hal_gpio.o
 .debug_frame   0x0000000000001120      0xc84 ./Drivers/STM32F1xx_HAL_Driver/Src/stm32f1xx_hal_i2c.o
 .debug_frame   0x0000000000001da4      0x218 ./Drivers/STM32F1xx_HAL_Driver/Src/stm32f1xx_hal_rcc.o
 .debug_frame   0x0000000000001fbc     0x11b8 ./Drivers/STM32F1xx_HAL_Driver/Src/stm32f1xx_hal_tim.o
 .debug_frame   0x0000000000003174      0x638 ./Drivers/STM32F1xx_HAL_Driver/Src/stm32f1xx_hal_tim_ex.o
 .debug_frame   0x00000000000037ac       0x20 d:/stm32cubeide_1.7.0/stm32cubeide/plugins/com.st.stm32cube.ide.mcu.externaltools.gnu-tools-for-stm32.9-2020-q2-update.win32_2.0.0.202105311346/tools/bin/../lib/gcc/arm-none-eabi/9.3.1/../../../../arm-none-eabi/lib/thumb/v7-m/nofp\libc_nano.a(lib_a-errno.o)
 .debug_frame   0x00000000000037cc       0x2c d:/stm32cubeide_1.7.0/stm32cubeide/plugins/com.st.stm32cube.ide.mcu.externaltools.gnu-tools-for-stm32.9-2020-q2-update.win32_2.0.0.202105311346/tools/bin/../lib/gcc/arm-none-eabi/9.3.1/../../../../arm-none-eabi/lib/thumb/v7-m/nofp\libc_nano.a(lib_a-init.o)
 .debug_frame   0x00000000000037f8       0x30 d:/stm32cubeide_1.7.0/stm32cubeide/plugins/com.st.stm32cube.ide.mcu.externaltools.gnu-tools-for-stm32.9-2020-q2-update.win32_2.0.0.202105311346/tools/bin/../lib/gcc/arm-none-eabi/9.3.1/../../../../arm-none-eabi/lib/thumb/v7-m/nofp\libc_nano.a(lib_a-malloc.o)
 .debug_frame   0x0000000000003828       0x20 d:/stm32cubeide_1.7.0/stm32cubeide/plugins/com.st.stm32cube.ide.mcu.externaltools.gnu-tools-for-stm32.9-2020-q2-update.win32_2.0.0.202105311346/tools/bin/../lib/gcc/arm-none-eabi/9.3.1/../../../../arm-none-eabi/lib/thumb/v7-m/nofp\libc_nano.a(lib_a-memset.o)
 .debug_frame   0x0000000000003848       0x38 d:/stm32cubeide_1.7.0/stm32cubeide/plugins/com.st.stm32cube.ide.mcu.externaltools.gnu-tools-for-stm32.9-2020-q2-update.win32_2.0.0.202105311346/tools/bin/../lib/gcc/arm-none-eabi/9.3.1/../../../../arm-none-eabi/lib/thumb/v7-m/nofp\libc_nano.a(lib_a-nano-freer.o)
 .debug_frame   0x0000000000003880       0x30 d:/stm32cubeide_1.7.0/stm32cubeide/plugins/com.st.stm32cube.ide.mcu.externaltools.gnu-tools-for-stm32.9-2020-q2-update.win32_2.0.0.202105311346/tools/bin/../lib/gcc/arm-none-eabi/9.3.1/../../../../arm-none-eabi/lib/thumb/v7-m/nofp\libc_nano.a(lib_a-nano-mallocr.o)
 .debug_frame   0x00000000000038b0       0x2c d:/stm32cubeide_1.7.0/stm32cubeide/plugins/com.st.stm32cube.ide.mcu.externaltools.gnu-tools-for-stm32.9-2020-q2-update.win32_2.0.0.202105311346/tools/bin/../lib/gcc/arm-none-eabi/9.3.1/../../../../arm-none-eabi/lib/thumb/v7-m/nofp\libc_nano.a(lib_a-sbrkr.o)
 .debug_frame   0x00000000000038dc       0x6c d:/stm32cubeide_1.7.0/stm32cubeide/plugins/com.st.stm32cube.ide.mcu.externaltools.gnu-tools-for-stm32.9-2020-q2-update.win32_2.0.0.202105311346/tools/bin/../lib/gcc/arm-none-eabi/9.3.1/../../../../arm-none-eabi/lib/thumb/v7-m/nofp\libc_nano.a(lib_a-sprintf.o)
 .debug_frame   0x0000000000003948       0x30 d:/stm32cubeide_1.7.0/stm32cubeide/plugins/com.st.stm32cube.ide.mcu.externaltools.gnu-tools-for-stm32.9-2020-q2-update.win32_2.0.0.202105311346/tools/bin/../lib/gcc/arm-none-eabi/9.3.1/../../../../arm-none-eabi/lib/thumb/v7-m/nofp\libc_nano.a(lib_a-mlock.o)
 .debug_frame   0x0000000000003978       0x90 d:/stm32cubeide_1.7.0/stm32cubeide/plugins/com.st.stm32cube.ide.mcu.externaltools.gnu-tools-for-stm32.9-2020-q2-update.win32_2.0.0.202105311346/tools/bin/../lib/gcc/arm-none-eabi/9.3.1/../../../../arm-none-eabi/lib/thumb/v7-m/nofp\libc_nano.a(lib_a-nano-svfprintf.o)
 .debug_frame   0x0000000000003a08       0x60 d:/stm32cubeide_1.7.0/stm32cubeide/plugins/com.st.stm32cube.ide.mcu.externaltools.gnu-tools-for-stm32.9-2020-q2-update.win32_2.0.0.202105311346/tools/bin/../lib/gcc/arm-none-eabi/9.3.1/../../../../arm-none-eabi/lib/thumb/v7-m/nofp\libc_nano.a(lib_a-nano-vfprintf_i.o)
 .debug_frame   0x0000000000003a68       0x5c d:/stm32cubeide_1.7.0/stm32cubeide/plugins/com.st.stm32cube.ide.mcu.externaltools.gnu-tools-for-stm32.9-2020-q2-update.win32_2.0.0.202105311346/tools/bin/../lib/gcc/arm-none-eabi/9.3.1/../../../../arm-none-eabi/lib/thumb/v7-m/nofp\libc_nano.a(lib_a-reent.o)
 .debug_frame   0x0000000000003ac4       0xb0 d:/stm32cubeide_1.7.0/stm32cubeide/plugins/com.st.stm32cube.ide.mcu.externaltools.gnu-tools-for-stm32.9-2020-q2-update.win32_2.0.0.202105311346/tools/bin/../lib/gcc/arm-none-eabi/9.3.1/../../../../arm-none-eabi/lib/thumb/v7-m/nofp\libc_nano.a(lib_a-lock.o)
 .debug_frame   0x0000000000003b74       0x28 d:/stm32cubeide_1.7.0/stm32cubeide/plugins/com.st.stm32cube.ide.mcu.externaltools.gnu-tools-for-stm32.9-2020-q2-update.win32_2.0.0.202105311346/tools/bin/../lib/gcc/arm-none-eabi/9.3.1/../../../../arm-none-eabi/lib/thumb/v7-m/nofp\libc_nano.a(lib_a-memchr-stub.o)
 .debug_frame   0x0000000000003b9c       0x28 d:/stm32cubeide_1.7.0/stm32cubeide/plugins/com.st.stm32cube.ide.mcu.externaltools.gnu-tools-for-stm32.9-2020-q2-update.win32_2.0.0.202105311346/tools/bin/../lib/gcc/arm-none-eabi/9.3.1/../../../../arm-none-eabi/lib/thumb/v7-m/nofp\libc_nano.a(lib_a-memcpy-stub.o)
 .debug_frame   0x0000000000003bc4       0x28 d:/stm32cubeide_1.7.0/stm32cubeide/plugins/com.st.stm32cube.ide.mcu.externaltools.gnu-tools-for-stm32.9-2020-q2-update.win32_2.0.0.202105311346/tools/bin/../lib/gcc/arm-none-eabi/9.3.1/../../../../arm-none-eabi/lib/thumb/v7-m/nofp\libc_nano.a(lib_a-memmove.o)
 .debug_frame   0x0000000000003bec       0x3c d:/stm32cubeide_1.7.0/stm32cubeide/plugins/com.st.stm32cube.ide.mcu.externaltools.gnu-tools-for-stm32.9-2020-q2-update.win32_2.0.0.202105311346/tools/bin/../lib/gcc/arm-none-eabi/9.3.1/../../../../arm-none-eabi/lib/thumb/v7-m/nofp\libc_nano.a(lib_a-nano-reallocr.o)
 .debug_frame   0x0000000000003c28       0x20 d:/stm32cubeide_1.7.0/stm32cubeide/plugins/com.st.stm32cube.ide.mcu.externaltools.gnu-tools-for-stm32.9-2020-q2-update.win32_2.0.0.202105311346/tools/bin/../lib/gcc/arm-none-eabi/9.3.1/../../../../arm-none-eabi/lib/thumb/v7-m/nofp\libc_nano.a(lib_a-nano-msizer.o)
